BULLET_ASSET,id=101,bytes=1036800,retries=0,result=0
BULLET_ASSET,id=102,bytes=3104,retries=0,result=0
RENDER_PHASE_START,network_result=0,warmup=30,samples=300,gpu_hz=100000000,clint_hz=100000000
RENDER_PHASE,target=64,probe=0,frames=300,fps_x10=601,p5_fps=60,underflows=0,errors=0,commands_x10=806,visible_min=60,visible_max=64
RENDER_CPU,target=64,probe=0,build_us=382,sync_us=1,submit_us=0,blocked_us=0,nonblocked_us=0,tail_us=0,step_us=123,blocked_calls_x10=0
RENDER_GPU,target=64,probe=0,scene_us=8371,busy_us=8232,stall_us=4923,rd_bytes=902189,wr_bytes=906858,cache_bytes=13590
RENDER_FRAME,target=64,probe=0,hud_cache_us=165,hud_copy_us=1214,present_us=6248,work_us=10389,work_p95_us=10530,work_max_us=11795,missed=0
RENDER_PHASE,target=64,probe=1,frames=300,fps_x10=601,p5_fps=60,underflows=0,errors=0,commands_x10=806,visible_min=60,visible_max=64
RENDER_CPU,target=64,probe=1,build_us=382,sync_us=1,submit_us=8062,blocked_us=7356,nonblocked_us=705,tail_us=63,step_us=123,blocked_calls_x10=141
RENDER_GPU,target=64,probe=1,scene_us=8459,busy_us=8265,stall_us=4956,rd_bytes=902189,wr_bytes=906858,cache_bytes=13590
RENDER_FRAME,target=64,probe=1,hud_cache_us=163,hud_copy_us=1207,present_us=6160,work_us=10478,work_p95_us=10649,work_max_us=11888,missed=0
RENDER_PHASE,target=256,probe=0,frames=300,fps_x10=601,p5_fps=60,underflows=0,errors=0,commands_x10=2955,visible_min=248,visible_max=256
RENDER_CPU,target=256,probe=0,build_us=1486,sync_us=1,submit_us=0,blocked_us=0,nonblocked_us=0,tail_us=0,step_us=489,blocked_calls_x10=0
RENDER_GPU,target=256,probe=0,scene_us=10727,busy_us=10087,stall_us=6047,rd_bytes=909530,wr_bytes=925779,cache_bytes=44654
RENDER_FRAME,target=256,probe=0,hud_cache_us=213,hud_copy_us=1213,present_us=2363,work_us=14275,work_p95_us=14539,work_max_us=15574,missed=0
RENDER_PHASE,target=256,probe=1,frames=300,fps_x10=601,p5_fps=60,underflows=0,errors=0,commands_x10=2955,visible_min=248,visible_max=256
RENDER_CPU,target=256,probe=1,build_us=1487,sync_us=1,submit_us=10000,blocked_us=7874,nonblocked_us=2126,tail_us=58,step_us=489,blocked_calls_x10=493
RENDER_GPU,target=256,probe=1,scene_us=11113,busy_us=10217,stall_us=6184,rd_bytes=909530,wr_bytes=925779,cache_bytes=44654
RENDER_FRAME,target=256,probe=1,hud_cache_us=217,hud_copy_us=1213,present_us=1971,work_us=14667,work_p95_us=14942,work_max_us=15993,missed=0
RENDER_PHASE,target=512,probe=0,frames=300,fps_x10=300,p5_fps=30,underflows=0,errors=0,commands_x10=5817,visible_min=501,visible_max=512
RENDER_CPU,target=512,probe=0,build_us=3101,sync_us=1,submit_us=0,blocked_us=0,nonblocked_us=0,tail_us=0,step_us=1106,blocked_calls_x10=0
RENDER_GPU,target=512,probe=0,scene_us=13436,busy_us=12028,stall_us=7014,rd_bytes=919289,wr_bytes=951204,cache_bytes=85998
RENDER_FRAME,target=512,probe=0,hud_cache_us=250,hud_copy_us=1211,present_us=14013,work_us=19263,work_p95_us=19504,work_max_us=20855,missed=300
RENDER_PHASE,target=512,probe=1,frames=300,fps_x10=300,p5_fps=30,underflows=0,errors=0,commands_x10=5817,visible_min=501,visible_max=512
RENDER_CPU,target=512,probe=1,build_us=3103,sync_us=1,submit_us=12313,blocked_us=8441,nonblocked_us=3871,tail_us=50,step_us=1106,blocked_calls_x10=981
RENDER_GPU,target=512,probe=1,scene_us=14275,busy_us=12317,stall_us=7321,rd_bytes=919289,wr_bytes=951204,cache_bytes=85998
RENDER_FRAME,target=512,probe=1,hud_cache_us=252,hud_copy_us=1209,present_us=13168,work_us=20108,work_p95_us=20372,work_max_us=21719,missed=300
RENDER_ISOLATED,stage=BACKGROUND,target=64,tick=0,count=1,wall_us=7491,busy_us=7444,submit_us=45,blocked_us=0,tail_us=7416,stall_us=4473,rd=898560,wr=898560,cache=0,under=0
RENDER_ISOLATED,stage=SPRITES_ORDERED,target=64,tick=0,count=80,wall_us=941,busy_us=688,submit_us=578,blocked_us=24,tail_us=68,stall_us=383,rd=3504,wr=8288,cache=13696,under=0
RENDER_ISOLATED,stage=BACKGROUND,target=64,tick=90,count=1,wall_us=7129,busy_us=7094,submit_us=33,blocked_us=0,tail_us=7059,stall_us=4118,rd=898560,wr=898560,cache=0,under=0
RENDER_ISOLATED,stage=SPRITES_ORDERED,target=64,tick=90,count=80,wall_us=890,busy_us=689,submit_us=573,blocked_us=29,tail_us=32,stall_us=380,rd=3744,wr=8272,cache=13648,under=0
RENDER_ISOLATED,stage=BACKGROUND,target=64,tick=180,count=1,wall_us=7588,busy_us=7554,submit_us=32,blocked_us=0,tail_us=7520,stall_us=4578,rd=898560,wr=898560,cache=0,under=0
RENDER_ISOLATED,stage=SPRITES_ORDERED,target=64,tick=180,count=80,wall_us=941,busy_us=735,submit_us=582,blocked_us=35,tail_us=77,stall_us=426,rd=3552,wr=8480,cache=13696,under=0
RENDER_ISOLATED,stage=BACKGROUND,target=256,tick=0,count=1,wall_us=7624,busy_us=7590,submit_us=32,blocked_us=0,tail_us=7560,stall_us=4617,rd=898560,wr=898560,cache=0,under=0
RENDER_ISOLATED,stage=SPRITES_ORDERED,target=256,tick=0,count=296,wall_us=3119,busy_us=2131,submit_us=2173,blocked_us=432,tail_us=55,stall_us=1101,rd=10800,wr=26976,cache=45184,under=0
RENDER_ISOLATED,stage=BACKGROUND,target=256,tick=90,count=1,wall_us=6866,busy_us=6837,submit_us=26,blocked_us=0,tail_us=6802,stall_us=3861,rd=898560,wr=898560,cache=0,under=0
RENDER_ISOLATED,stage=SPRITES_ORDERED,target=256,tick=90,count=293,wall_us=3353,busy_us=2387,submit_us=2317,blocked_us=417,tail_us=65,stall_us=1358,rd=11232,wr=26816,cache=44480,under=0
RENDER_ISOLATED,stage=BACKGROUND,target=256,tick=180,count=1,wall_us=6865,busy_us=6816,submit_us=45,blocked_us=0,tail_us=6787,stall_us=3838,rd=898560,wr=898560,cache=0,under=0
RENDER_ISOLATED,stage=SPRITES_ORDERED,target=256,tick=180,count=296,wall_us=3397,busy_us=2375,submit_us=2328,blocked_us=398,tail_us=57,stall_us=1350,rd=10608,wr=27556,cache=44592,under=0
RENDER_ISOLATED,stage=BACKGROUND,target=512,tick=0,count=1,wall_us=7610,busy_us=7588,submit_us=28,blocked_us=0,tail_us=7542,stall_us=4613,rd=898560,wr=898560,cache=0,under=0
RENDER_ISOLATED,stage=SPRITES_ORDERED,target=512,tick=0,count=583,wall_us=6338,busy_us=4445,submit_us=4457,blocked_us=672,tail_us=23,stall_us=2447,rd=20496,wr=51864,cache=87008,under=0
RENDER_ISOLATED,stage=BACKGROUND,target=512,tick=90,count=1,wall_us=7626,busy_us=7603,submit_us=21,blocked_us=0,tail_us=7567,stall_us=4630,rd=898560,wr=898560,cache=0,under=0
RENDER_ISOLATED,stage=SPRITES_ORDERED,target=512,tick=90,count=581,wall_us=6475,busy_us=4426,submit_us=4586,blocked_us=978,tail_us=47,stall_us=2429,rd=21504,wr=52064,cache=86048,under=0
RENDER_ISOLATED,stage=BACKGROUND,target=512,tick=180,count=1,wall_us=7589,busy_us=7553,submit_us=34,blocked_us=0,tail_us=7522,stall_us=4583,rd=898560,wr=898560,cache=0,under=0
RENDER_ISOLATED,stage=SPRITES_ORDERED,target=512,tick=180,count=584,wall_us=6483,busy_us=4428,submit_us=4657,blocked_us=958,tail_us=14,stall_us=2442,rd=20208,wr=53996,cache=86336,under=0
RENDER_PHASE_STOP,result=0,hardware=0
