BULLET_ASSET,id=101,bytes=1036800,retries=0,result=0
BULLET_ASSET,id=102,bytes=3104,retries=0,result=0
SCENE BULLET: AUTO survival, HP/graze/shield/restart, deterministic replay; no physical input
V2 comparison: CLINT Hz=100000000 network_result=0; KEY1 less KEY2 more
BULLET_PERF,mode=CPU,target=64,frames=30,fps_x10=26,render_us=331980
BULLET_PERF,mode=GPU,target=64,frames=30,fps_x10=563,render_us=10231
BULLET_PERF,mode=CPU,target=64,frames=30,fps_x10=26,render_us=333552
BULLET_PERF,mode=GPU,target=64,frames=30,fps_x10=581,render_us=10226
BULLET_PERF,mode=CPU,target=64,frames=30,fps_x10=26,render_us=333605
BULLET_PERF,mode=GPU,target=64,frames=30,fps_x10=581,render_us=10222
BULLET_PERF,mode=CPU,target=64,frames=30,fps_x10=25,render_us=333571
BULLET_PERF,mode=GPU,target=64,frames=30,fps_x10=487,render_us=10225
BULLET_PERF,mode=CPU,target=64,frames=30,fps_x10=25,render_us=333417
BULLET_PERF,mode=GPU,target=64,frames=30,fps_x10=462,render_us=10215
BULLET_PERF,mode=CPU,target=64,frames=30,fps_x10=25,render_us=333521
BULLET_PERF,mode=GPU,target=64,frames=30,fps_x10=429,render_us=10216
BULLET_PERF,mode=CPU,target=64,frames=30,fps_x10=25,render_us=333501
BULLET_PERF,mode=GPU,target=64,frames=30,fps_x10=487,render_us=10220
BULLET_PERF,mode=CPU,target=64,frames=30,fps_x10=25,render_us=333406
BULLET_PERF,mode=GPU,target=64,frames=30,fps_x10=400,render_us=10214
BULLET_PERF,mode=CPU,target=64,frames=30,fps_x10=25,render_us=333477
BULLET_PERF,mode=GPU,target=64,frames=30,fps_x10=515,render_us=10222
BULLET_PERF,mode=CPU,target=64,frames=30,fps_x10=25,render_us=333538
BULLET_GPU_300,target=64,frames=300,p5_fps=30,underflows=0,errors=0,windowed_60fps=0
