BULLET_ASSET,id=101,bytes=1036800,retries=0,result=0
BULLET_ASSET,id=102,bytes=3104,retries=0,result=0
PIPELINE_PROBE,network_result=0
PROFILE_CASE,target=32,tick=0,visible=32,count=45,alpha_count=8
PROFILE,BACKGROUND,count=1,us=8558,pixels=518400,rd=1036800,wr=1036800,stalls=511134,render_grants=2566,scan_grants=674,under=0
PROFILE,KEY,count=36,us=610,pixels=3072,rd=6144,wr=2888,stalls=33124,render_grants=640,scan_grants=51,under=0
PROFILE,ALPHA,count=8,us=289,pixels=1152,rd=4656,wr=2304,stalls=18587,render_grants=288,scan_grants=21,under=0
PROFILE,FULL,count=45,us=8888,pixels=522624,rd=1047600,wr=1041992,stalls=508266,render_grants=3494,scan_grants=660,under=0
PIPELINE,build_us=262,gpu_us=9639,cache_us=10466,cpu_hud_us=38856,present_us=1355,rebuild=1,under_render=0,under_cache=0,under_hud=0,under_present=0
HUD_HIT,us=95
PROFILE,HUD_GPU,count=1,us=1179,pixels=69120,rd=138240,wr=138240,stalls=70094,render_grants=342,scan_grants=94,under=0
PROFILE_CASE,target=32,tick=90,visible=32,count=45,alpha_count=8
PROFILE,BACKGROUND,count=1,us=8748,pixels=518400,rd=1036800,wr=1036800,stalls=528253,render_grants=2566,scan_grants=704,under=0
PROFILE,KEY,count=36,us=596,pixels=3072,rd=6144,wr=2888,stalls=31499,render_grants=641,scan_grants=47,under=0
PROFILE,ALPHA,count=8,us=320,pixels=1152,rd=4752,wr=2304,stalls=20741,render_grants=288,scan_grants=26,under=0
PROFILE,FULL,count=45,us=8896,pixels=522624,rd=1047696,wr=1041992,stalls=508264,render_grants=3495,scan_grants=661,under=0
PIPELINE,build_us=235,gpu_us=8901,cache_us=10523,cpu_hud_us=38915,present_us=14021,rebuild=1,under_render=0,under_cache=0,under_hud=0,under_present=0
HUD_HIT,us=116
PROFILE,HUD_GPU,count=1,us=1179,pixels=69120,rd=138240,wr=138240,stalls=70116,render_grants=342,scan_grants=95,under=0
PROFILE_CASE,target=32,tick=180,visible=32,count=45,alpha_count=8
PROFILE,BACKGROUND,count=1,us=8776,pixels=518400,rd=1036800,wr=1036800,stalls=532652,render_grants=2566,scan_grants=706,under=0
PROFILE,KEY,count=36,us=602,pixels=3072,rd=6144,wr=2888,stalls=29794,render_grants=640,scan_grants=49,under=0
PROFILE,ALPHA,count=8,us=320,pixels=1152,rd=4656,wr=2304,stalls=21539,render_grants=288,scan_grants=27,under=0
PROFILE,FULL,count=45,us=9620,pixels=522624,rd=1047600,wr=1041992,stalls=581686,render_grants=3494,scan_grants=772,under=0
PIPELINE,build_us=270,gpu_us=8904,cache_us=10588,cpu_hud_us=38684,present_us=12507,rebuild=1,under_render=0,under_cache=0,under_hud=0,under_present=0
HUD_HIT,us=121
PROFILE,HUD_GPU,count=1,us=1185,pixels=69120,rd=138240,wr=138240,stalls=70205,render_grants=342,scan_grants=94,under=0
PROFILE_CASE,target=64,tick=0,visible=64,count=81,alpha_count=12
PROFILE,BACKGROUND,count=1,us=8768,pixels=518400,rd=1036800,wr=1036800,stalls=529617,render_grants=2566,scan_grants=706,under=0
PROFILE,KEY,count=68,us=1027,pixels=5120,rd=10240,wr=4832,stalls=53417,render_grants=1154,scan_grants=81,under=0
PROFILE,ALPHA,count=12,us=452,pixels=1728,rd=7008,wr=3456,stalls=30250,render_grants=432,scan_grants=36,under=0
PROFILE,FULL,count=81,us=9865,pixels=525248,rd=1054048,wr=1045088,stalls=581119,render_grants=4152,scan_grants=765,under=0
PIPELINE,build_us=440,gpu_us=9522,cache_us=10539,cpu_hud_us=38895,present_us=12696,rebuild=1,under_render=0,under_cache=0,under_hud=0,under_present=0
HUD_HIT,us=119
PROFILE,HUD_GPU,count=1,us=1214,pixels=69120,rd=138240,wr=138240,stalls=72325,render_grants=342,scan_grants=99,under=0
PROFILE_CASE,target=64,tick=90,visible=64,count=81,alpha_count=12
PROFILE,BACKGROUND,count=1,us=8760,pixels=518400,rd=1036800,wr=1036800,stalls=531355,render_grants=2566,scan_grants=703,under=0
PROFILE,KEY,count=68,us=1039,pixels=5096,rd=10192,wr=4816,stalls=55053,render_grants=1147,scan_grants=83,under=0
PROFILE,ALPHA,count=12,us=468,pixels=1728,rd=7200,wr=3456,stalls=32008,render_grants=432,scan_grants=37,under=0
PROFILE,FULL,count=81,us=10206,pixels=525224,rd=1054192,wr=1045072,stalls=614640,render_grants=4145,scan_grants=818,under=0
PIPELINE,build_us=446,gpu_us=9503,cache_us=10591,cpu_hud_us=38819,present_us=11264,rebuild=1,under_render=0,under_cache=0,under_hud=0,under_present=0
HUD_HIT,us=118
PROFILE,HUD_GPU,count=1,us=1197,pixels=69120,rd=138240,wr=138240,stalls=70051,render_grants=342,scan_grants=95,under=0
PROFILE_CASE,target=64,tick=180,visible=64,count=81,alpha_count=12
PROFILE,BACKGROUND,count=1,us=8051,pixels=518400,rd=1036800,wr=1036800,stalls=457669,render_grants=2566,scan_grants=595,under=0
PROFILE,KEY,count=68,us=1039,pixels=5120,rd=10240,wr=4832,stalls=55066,render_grants=1153,scan_grants=84,under=0
PROFILE,ALPHA,count=12,us=224,pixels=1728,rd=7056,wr=3456,stalls=7572,render_grants=432,scan_grants=0,under=0
PROFILE,FULL,count=81,us=9480,pixels=525248,rd=1054096,wr=1045088,stalls=541814,render_grants=4151,scan_grants=706,under=0
PIPELINE,build_us=436,gpu_us=10202,cache_us=10631,cpu_hud_us=38866,present_us=2430,rebuild=1,under_render=0,under_cache=0,under_hud=0,under_present=0
HUD_HIT,us=111
PROFILE,HUD_GPU,count=1,us=1181,pixels=69120,rd=138240,wr=138240,stalls=70363,render_grants=342,scan_grants=95,under=0
PROFILE_CASE,target=128,tick=0,visible=128,count=153,alpha_count=20
PROFILE,BACKGROUND,count=1,us=8776,pixels=518400,rd=1036800,wr=1036800,stalls=533352,render_grants=2566,scan_grants=705,under=0
PROFILE,KEY,count=132,us=1966,pixels=9216,rd=18432,wr=8776,stalls=105437,render_grants=2181,scan_grants=159,under=0
PROFILE,ALPHA,count=20,us=727,pixels=2880,rd=11760,wr=5760,stalls=48481,render_grants=722,scan_grants=57,under=0
PROFILE,FULL,count=153,us=11375,pixels=530496,rd=1066992,wr=1051336,stalls=680635,render_grants=5469,scan_grants=912,under=0
PIPELINE,build_us=795,gpu_us=10694,cache_us=10561,cpu_hud_us=38993,present_us=9618,rebuild=1,under_render=0,under_cache=0,under_hud=0,under_present=0
HUD_HIT,us=118
PROFILE,HUD_GPU,count=1,us=1209,pixels=69120,rd=138240,wr=138240,stalls=73041,render_grants=342,scan_grants=98,under=0
PROFILE_CASE,target=128,tick=90,visible=126,count=151,alpha_count=20
PROFILE,BACKGROUND,count=1,us=8039,pixels=518400,rd=1036800,wr=1036800,stalls=458249,render_grants=2566,scan_grants=593,under=0
PROFILE,KEY,count=130,us=1940,pixels=9064,rd=18128,wr=8680,stalls=104213,render_grants=2139,scan_grants=156,under=0
PROFILE,ALPHA,count=20,us=713,pixels=2880,rd=12048,wr=5760,stalls=47377,render_grants=720,scan_grants=54,under=0
PROFILE,FULL,count=151,us=10699,pixels=530344,rd=1066976,wr=1051240,stalls=613957,render_grants=5425,scan_grants=808,under=0
PIPELINE,build_us=812,gpu_us=11070,cache_us=10545,cpu_hud_us=38880,present_us=149,rebuild=1,under_render=0,under_cache=0,under_hud=0,under_present=0
HUD_HIT,us=96
PROFILE,HUD_GPU,count=1,us=1210,pixels=69120,rd=138240,wr=138240,stalls=73074,render_grants=342,scan_grants=97,under=0
PROFILE_CASE,target=128,tick=180,visible=128,count=153,alpha_count=20
PROFILE,BACKGROUND,count=1,us=8671,pixels=518400,rd=1036800,wr=1036800,stalls=522310,render_grants=2566,scan_grants=689,under=0
PROFILE,KEY,count=132,us=1922,pixels=9072,rd=18144,wr=8624,stalls=102687,render_grants=2143,scan_grants=154,under=0
PROFILE,ALPHA,count=20,us=715,pixels=2880,rd=11808,wr=5760,stalls=47314,render_grants=720,scan_grants=54,under=0
PROFILE,FULL,count=153,us=10646,pixels=530352,rd=1066752,wr=1051184,stalls=609284,render_grants=5429,scan_grants=801,under=0
PIPELINE,build_us=791,gpu_us=10672,cache_us=10652,cpu_hud_us=38798,present_us=15294,rebuild=1,under_render=0,under_cache=0,under_hud=0,under_present=0
HUD_HIT,us=110
PROFILE,HUD_GPU,count=1,us=1180,pixels=69120,rd=138240,wr=138240,stalls=70284,render_grants=342,scan_grants=92,under=0
PROFILE_CASE,target=256,tick=0,visible=256,count=297,alpha_count=36
PROFILE,BACKGROUND,count=1,us=8763,pixels=518400,rd=1036800,wr=1036800,stalls=530505,render_grants=2566,scan_grants=704,under=0
PROFILE,KEY,count=260,us=3111,pixels=17408,rd=34816,wr=16608,stalls=130355,render_grants=4233,scan_grants=198,under=0
PROFILE,ALPHA,count=36,us=1327,pixels=5184,rd=21216,wr=10368,stalls=89362,render_grants=1302,scan_grants=107,under=0
PROFILE,FULL,count=297,us=13781,pixels=540992,rd=1092832,wr=1063776,stalls=817969,render_grants=8101,scan_grants=1106,under=0
PIPELINE,build_us=1492,gpu_us=13475,cache_us=10640,cpu_hud_us=38927,present_us=3107,rebuild=1,under_render=0,under_cache=0,under_hud=0,under_present=0
HUD_HIT,us=104
PROFILE,HUD_GPU,count=1,us=1166,pixels=69120,rd=138240,wr=138240,stalls=68769,render_grants=342,scan_grants=92,under=0
PROFILE_CASE,target=256,tick=90,visible=253,count=294,alpha_count=36
PROFILE,BACKGROUND,count=1,us=8040,pixels=518400,rd=1036800,wr=1036800,stalls=458457,render_grants=2566,scan_grants=592,under=0
PROFILE,KEY,count=257,us=3716,pixels=17128,rd=34256,wr=16400,stalls=198515,render_grants=4155,scan_grants=299,under=0
PROFILE,ALPHA,count=36,us=1316,pixels=5112,rd=21504,wr=10224,stalls=87854,render_grants=1280,scan_grants=106,under=0
PROFILE,FULL,count=294,us=13039,pixels=540640,rd=1092560,wr=1063424,stalls=744852,render_grants=8001,scan_grants=995,under=0
PIPELINE,build_us=1651,gpu_us=13079,cache_us=10754,cpu_hud_us=39009,present_us=15094,rebuild=1,under_render=0,under_cache=0,under_hud=0,under_present=0
HUD_HIT,us=115
PROFILE,HUD_GPU,count=1,us=1207,pixels=69120,rd=138240,wr=138240,stalls=73041,render_grants=342,scan_grants=97,under=0
PROFILE_CASE,target=256,tick=180,visible=254,count=295,alpha_count=36
PROFILE,BACKGROUND,count=1,us=8610,pixels=518400,rd=1036800,wr=1036800,stalls=516283,render_grants=2566,scan_grants=680,under=0
PROFILE,KEY,count=258,us=3659,pixels=17064,rd=34144,wr=16232,stalls=193976,render_grants=4149,scan_grants=291,under=0
PROFILE,ALPHA,count=36,us=1328,pixels=5124,rd=21120,wr=10248,stalls=90231,render_grants=1298,scan_grants=106,under=0
PROFILE,FULL,count=295,us=13113,pixels=540588,rd=1092064,wr=1063280,stalls=755463,render_grants=8013,scan_grants=1007,under=0
PIPELINE,build_us=1575,gpu_us=13751,cache_us=10576,cpu_hud_us=38816,present_us=1047,rebuild=1,under_render=0,under_cache=0,under_hud=0,under_present=0
HUD_HIT,us=108
PROFILE,HUD_GPU,count=1,us=1162,pixels=69120,rd=138240,wr=138240,stalls=68323,render_grants=342,scan_grants=90,under=0
PROFILE_CASE,target=512,tick=0,visible=511,count=584,alpha_count=68
PROFILE,BACKGROUND,count=1,us=8751,pixels=518400,rd=1036800,wr=1036800,stalls=529907,render_grants=2566,scan_grants=700,under=0
PROFILE,KEY,count=515,us=6745,pixels=33712,rd=67424,wr=32280,stalls=327802,render_grants=8313,scan_grants=489,under=0
PROFILE,ALPHA,count=68,us=2505,pixels=9792,rd=40272,wr=19584,stalls=169770,render_grants=2456,scan_grants=201,under=0
PROFILE,FULL,count=584,us=17884,pixels=561904,rd=1144496,wr=1088664,stalls=1020591,render_grants=13335,scan_grants=1380,under=0
PIPELINE,build_us=3124,gpu_us=17857,cache_us=10540,cpu_hud_us=38825,present_us=9738,rebuild=1,under_render=0,under_cache=0,under_hud=0,under_present=0
HUD_HIT,us=126
PROFILE,HUD_GPU,count=1,us=1178,pixels=69120,rd=138240,wr=138240,stalls=70041,render_grants=342,scan_grants=92,under=0
PROFILE_CASE,target=512,tick=90,visible=509,count=582,alpha_count=68
PROFILE,BACKGROUND,count=1,us=8027,pixels=518400,rd=1036800,wr=1036800,stalls=457160,render_grants=2566,scan_grants=589,under=0
PROFILE,KEY,count=513,us=7281,pixels=33240,rd=66480,wr=31848,stalls=389202,render_grants=8203,scan_grants=585,under=0
PROFILE,ALPHA,count=68,us=2461,pixels=9648,rd=40560,wr=19296,stalls=166502,render_grants=2434,scan_grants=197,under=0
PROFILE,FULL,count=582,us=17724,pixels=561288,rd=1143840,wr=1087944,stalls=1012711,render_grants=13203,scan_grants=1371,under=0
PIPELINE,build_us=3192,gpu_us=17439,cache_us=10669,cpu_hud_us=38881,present_us=16620,rebuild=1,under_render=0,under_cache=0,under_hud=0,under_present=0
HUD_HIT,us=86
PROFILE,HUD_GPU,count=1,us=1179,pixels=69120,rd=138240,wr=138240,stalls=70140,render_grants=342,scan_grants=92,under=0
PROFILE_CASE,target=512,tick=180,visible=510,count=583,alpha_count=68
PROFILE,BACKGROUND,count=1,us=8048,pixels=518400,rd=1036800,wr=1036800,stalls=457085,render_grants=2566,scan_grants=594,under=0
PROFILE,KEY,count=514,us=7276,pixels=33328,rd=66672,wr=31840,stalls=385824,render_grants=8219,scan_grants=583,under=0
PROFILE,ALPHA,count=68,us=1936,pixels=9732,rd=39792,wr=19464,stalls=114761,render_grants=2450,scan_grants=115,under=0
PROFILE,FULL,count=583,us=17725,pixels=561460,rd=1143264,wr=1088104,stalls=1012325,render_grants=13235,scan_grants=1368,under=0
PIPELINE,build_us=3174,gpu_us=17759,cache_us=10585,cpu_hud_us=38980,present_us=1416,rebuild=1,under_render=0,under_cache=0,under_hud=0,under_present=0
HUD_HIT,us=136
PROFILE,HUD_GPU,count=1,us=1181,pixels=69120,rd=138240,wr=138240,stalls=70328,render_grants=342,scan_grants=92,under=0
PIPELINE_PROBE_STOP,result=0,hardware=0
