Copyright 1986-2019 Xilinx, Inc. All Rights Reserved.
---------------------------------------------------------------------------------------------------------------------------------------------------------
| Tool Version : Vivado v.2019.2 (win64) Build 2708876 Wed Nov  6 21:40:23 MST 2019
| Date         : Fri Aug 28 10:00:02 2026
| Host         : LAPTOP-C1GK89UB running 64-bit major release  (build 9200)
| Command      : report_timing -delay_type max -max_paths 10 -sort_by group -file D:/ZYNQ/smallproject/generated/reports/rv32core-task8/timing_paths.rpt
| Design       : Rv32Core
| Device       : 7z015-clg485
| Speed File   : -2  PRODUCTION 1.11 2014-09-11
---------------------------------------------------------------------------------------------------------------------------------------------------------

Timing Report

Slack (MET) :             3.386ns  (required time - arrival time)
  Source:                 idEx_inst_reg[22]/C
                            (rising edge-triggered cell FDRE clocked by core_clock  {rise@0.000ns fall@5.000ns period=10.000ns})
  Destination:            exMem_aluResult_reg[0]/D
                            (rising edge-triggered cell FDRE clocked by core_clock  {rise@0.000ns fall@5.000ns period=10.000ns})
  Path Group:             core_clock
  Path Type:              Setup (Max at Slow Process Corner)
  Requirement:            10.000ns  (core_clock rise@10.000ns - core_clock rise@0.000ns)
  Data Path Delay:        6.614ns  (logic 2.209ns (33.399%)  route 4.405ns (66.601%))
  Logic Levels:           12  (CARRY4=3 LUT2=1 LUT4=2 LUT5=3 LUT6=2 MUXF7=1)
  Clock Path Skew:        -0.039ns (DCD - SCD + CPR)
    Destination Clock Delay (DCD):    0.748ns = ( 10.748 - 10.000 ) 
    Source Clock Delay      (SCD):    0.787ns
    Clock Pessimism Removal (CPR):    0.000ns
  Clock Uncertainty:      0.035ns  ((TSJ^2 + TIJ^2)^1/2 + DJ) / 2 + PE
    Total System Jitter     (TSJ):    0.071ns
    Total Input Jitter      (TIJ):    0.000ns
    Discrete Jitter          (DJ):    0.000ns
    Phase Error              (PE):    0.000ns

    Location             Delay type                Incr(ns)  Path(ns)    Netlist Resource(s)
  -------------------------------------------------------------------    -------------------
                         (clock core_clock rise edge)
                                                      0.000     0.000 r  
                                                      0.000     0.000 r  clock (IN)
                         net (fo=1625, unset)         0.787     0.787    clock
                         FDRE                                         r  idEx_inst_reg[22]/C
  -------------------------------------------------------------------    -------------------
                         FDRE (Prop_fdre_C_Q)         0.397     1.184 r  idEx_inst_reg[22]/Q
                         net (fo=3, unplaced)         0.617     1.801    idEx_inst[22]
                         LUT4 (Prop_lut4_I1_O)        0.232     2.033 f  exMem_aluResult[31]_i_43/O
                         net (fo=1, unplaced)         0.807     2.840    exMem_aluResult[31]_i_43_n_0
                         LUT5 (Prop_lut5_I0_O)        0.105     2.945 f  exMem_aluResult[31]_i_37/O
                         net (fo=6, unplaced)         0.379     3.324    exMem_aluResult[31]_i_37_n_0
                         LUT2 (Prop_lut2_I1_O)        0.105     3.429 r  exMem_aluResult[2]_i_12/O
                         net (fo=31, unplaced)        0.652     4.081    exMem_aluResult[2]_i_12_n_0
                         LUT6 (Prop_lut6_I3_O)        0.105     4.186 r  exMem_aluResult[10]_i_13/O
                         net (fo=1, unplaced)         0.347     4.533    exMem_aluResult[10]_i_13_n_0
                         LUT5 (Prop_lut5_I4_O)        0.105     4.638 r  exMem_aluResult[10]_i_8/O
                         net (fo=7, unplaced)         0.617     5.255    exMem_aluResult[10]_i_8_n_0
                         LUT4 (Prop_lut4_I1_O)        0.105     5.360 r  exMem_aluResult[0]_i_68/O
                         net (fo=1, unplaced)         0.000     5.360    exMem_aluResult[0]_i_68_n_0
                         CARRY4 (Prop_carry4_S[1]_CO[3])
                                                      0.444     5.804 r  exMem_aluResult_reg[0]_i_43/CO[3]
                         net (fo=1, unplaced)         0.000     5.804    exMem_aluResult_reg[0]_i_43_n_0
                         CARRY4 (Prop_carry4_CI_CO[3])
                                                      0.100     5.904 r  exMem_aluResult_reg[0]_i_25/CO[3]
                         net (fo=1, unplaced)         0.000     5.904    exMem_aluResult_reg[0]_i_25_n_0
                         CARRY4 (Prop_carry4_CI_CO[3])
                                                      0.100     6.004 r  exMem_aluResult_reg[0]_i_11/CO[3]
                         net (fo=1, unplaced)         0.639     6.643    execute/data7
                         LUT6 (Prop_lut6_I0_O)        0.105     6.748 r  exMem_aluResult[0]_i_6/O
                         net (fo=1, unplaced)         0.347     7.095    exMem_aluResult[0]_i_6_n_0
                         LUT5 (Prop_lut5_I4_O)        0.105     7.200 r  exMem_aluResult[0]_i_2/O
                         net (fo=1, unplaced)         0.000     7.200    exMem_aluResult[0]_i_2_n_0
                         MUXF7 (Prop_muxf7_I0_O)      0.201     7.401 r  exMem_aluResult_reg[0]_i_1/O
                         net (fo=1, unplaced)         0.000     7.401    _execute_io_aluResult[0]
                         FDRE                                         r  exMem_aluResult_reg[0]/D
  -------------------------------------------------------------------    -------------------

                         (clock core_clock rise edge)
                                                     10.000    10.000 r  
                                                      0.000    10.000 r  clock (IN)
                         net (fo=1625, unset)         0.748    10.748    clock
                         FDRE                                         r  exMem_aluResult_reg[0]/C
                         clock pessimism              0.000    10.748    
                         clock uncertainty           -0.035    10.712    
                         FDRE (Setup_fdre_C_D)        0.075    10.787    exMem_aluResult_reg[0]
  -------------------------------------------------------------------
                         required time                         10.787    
                         arrival time                          -7.401    
  -------------------------------------------------------------------
                         slack                                  3.386    

Slack (MET) :             3.488ns  (required time - arrival time)
  Source:                 idEx_inst_reg[22]/C
                            (rising edge-triggered cell FDRE clocked by core_clock  {rise@0.000ns fall@5.000ns period=10.000ns})
  Destination:            exMem_aluResult_reg[23]/D
                            (rising edge-triggered cell FDRE clocked by core_clock  {rise@0.000ns fall@5.000ns period=10.000ns})
  Path Group:             core_clock
  Path Type:              Setup (Max at Slow Process Corner)
  Requirement:            10.000ns  (core_clock rise@10.000ns - core_clock rise@0.000ns)
  Data Path Delay:        6.512ns  (logic 2.631ns (40.402%)  route 3.881ns (59.598%))
  Logic Levels:           13  (CARRY4=4 LUT2=1 LUT3=1 LUT4=1 LUT5=3 LUT6=2 MUXF7=1)
  Clock Path Skew:        -0.039ns (DCD - SCD + CPR)
    Destination Clock Delay (DCD):    0.748ns = ( 10.748 - 10.000 ) 
    Source Clock Delay      (SCD):    0.787ns
    Clock Pessimism Removal (CPR):    0.000ns
  Clock Uncertainty:      0.035ns  ((TSJ^2 + TIJ^2)^1/2 + DJ) / 2 + PE
    Total System Jitter     (TSJ):    0.071ns
    Total Input Jitter      (TIJ):    0.000ns
    Discrete Jitter          (DJ):    0.000ns
    Phase Error              (PE):    0.000ns

    Location             Delay type                Incr(ns)  Path(ns)    Netlist Resource(s)
  -------------------------------------------------------------------    -------------------
                         (clock core_clock rise edge)
                                                      0.000     0.000 r  
                                                      0.000     0.000 r  clock (IN)
                         net (fo=1625, unset)         0.787     0.787    clock
                         FDRE                                         r  idEx_inst_reg[22]/C
  -------------------------------------------------------------------    -------------------
                         FDRE (Prop_fdre_C_Q)         0.397     1.184 r  idEx_inst_reg[22]/Q
                         net (fo=3, unplaced)         0.617     1.801    idEx_inst[22]
                         LUT4 (Prop_lut4_I1_O)        0.232     2.033 f  exMem_aluResult[31]_i_43/O
                         net (fo=1, unplaced)         0.807     2.840    exMem_aluResult[31]_i_43_n_0
                         LUT5 (Prop_lut5_I0_O)        0.105     2.945 f  exMem_aluResult[31]_i_37/O
                         net (fo=6, unplaced)         0.379     3.324    exMem_aluResult[31]_i_37_n_0
                         LUT2 (Prop_lut2_I1_O)        0.105     3.429 r  exMem_aluResult[2]_i_12/O
                         net (fo=31, unplaced)        0.652     4.081    exMem_aluResult[2]_i_12_n_0
                         LUT6 (Prop_lut6_I3_O)        0.105     4.186 r  exMem_aluResult[9]_i_13/O
                         net (fo=1, unplaced)         0.347     4.533    exMem_aluResult[9]_i_13_n_0
                         LUT5 (Prop_lut5_I4_O)        0.105     4.638 r  exMem_aluResult[9]_i_8/O
                         net (fo=7, unplaced)         0.363     5.001    exMem_aluResult[9]_i_8_n_0
                         LUT3 (Prop_lut3_I0_O)        0.105     5.106 r  exMem_aluResult[15]_i_26/O
                         net (fo=1, unplaced)         0.000     5.106    exMem_aluResult[15]_i_26_n_0
                         CARRY4 (Prop_carry4_S[1]_CO[3])
                                                      0.444     5.550 r  exMem_aluResult_reg[15]_i_15/CO[3]
                         net (fo=1, unplaced)         0.000     5.550    exMem_aluResult_reg[15]_i_15_n_0
                         CARRY4 (Prop_carry4_CI_CO[3])
                                                      0.100     5.650 r  exMem_aluResult_reg[15]_i_7/CO[3]
                         net (fo=1, unplaced)         0.000     5.650    exMem_aluResult_reg[15]_i_7_n_0
                         CARRY4 (Prop_carry4_CI_CO[3])
                                                      0.100     5.750 r  exMem_aluResult_reg[19]_i_12/CO[3]
                         net (fo=1, unplaced)         0.000     5.750    exMem_aluResult_reg[19]_i_12_n_0
                         CARRY4 (Prop_carry4_CI_O[3])
                                                      0.277     6.027 r  exMem_aluResult_reg[27]_i_15/O[3]
                         net (fo=1, unplaced)         0.388     6.415    execute/data9[23]
                         LUT6 (Prop_lut6_I5_O)        0.250     6.665 r  exMem_aluResult[23]_i_6/O
                         net (fo=1, unplaced)         0.328     6.993    exMem_aluResult[23]_i_6_n_0
                         LUT5 (Prop_lut5_I4_O)        0.105     7.098 r  exMem_aluResult[23]_i_2/O
                         net (fo=1, unplaced)         0.000     7.098    exMem_aluResult[23]_i_2_n_0
                         MUXF7 (Prop_muxf7_I0_O)      0.201     7.299 r  exMem_aluResult_reg[23]_i_1/O
                         net (fo=1, unplaced)         0.000     7.299    _execute_io_aluResult[23]
                         FDRE                                         r  exMem_aluResult_reg[23]/D
  -------------------------------------------------------------------    -------------------

                         (clock core_clock rise edge)
                                                     10.000    10.000 r  
                                                      0.000    10.000 r  clock (IN)
                         net (fo=1625, unset)         0.748    10.748    clock
                         FDRE                                         r  exMem_aluResult_reg[23]/C
                         clock pessimism              0.000    10.748    
                         clock uncertainty           -0.035    10.712    
                         FDRE (Setup_fdre_C_D)        0.075    10.787    exMem_aluResult_reg[23]
  -------------------------------------------------------------------
                         required time                         10.787    
                         arrival time                          -7.299    
  -------------------------------------------------------------------
                         slack                                  3.488    

Slack (MET) :             3.547ns  (required time - arrival time)
  Source:                 idEx_inst_reg[22]/C
                            (rising edge-triggered cell FDRE clocked by core_clock  {rise@0.000ns fall@5.000ns period=10.000ns})
  Destination:            exMem_aluResult_reg[17]/D
                            (rising edge-triggered cell FDRE clocked by core_clock  {rise@0.000ns fall@5.000ns period=10.000ns})
  Path Group:             core_clock
  Path Type:              Setup (Max at Slow Process Corner)
  Requirement:            10.000ns  (core_clock rise@10.000ns - core_clock rise@0.000ns)
  Data Path Delay:        6.453ns  (logic 1.565ns (24.252%)  route 4.888ns (75.748%))
  Logic Levels:           9  (LUT4=1 LUT5=4 LUT6=3 MUXF7=1)
  Clock Path Skew:        -0.039ns (DCD - SCD + CPR)
    Destination Clock Delay (DCD):    0.748ns = ( 10.748 - 10.000 ) 
    Source Clock Delay      (SCD):    0.787ns
    Clock Pessimism Removal (CPR):    0.000ns
  Clock Uncertainty:      0.035ns  ((TSJ^2 + TIJ^2)^1/2 + DJ) / 2 + PE
    Total System Jitter     (TSJ):    0.071ns
    Total Input Jitter      (TIJ):    0.000ns
    Discrete Jitter          (DJ):    0.000ns
    Phase Error              (PE):    0.000ns

    Location             Delay type                Incr(ns)  Path(ns)    Netlist Resource(s)
  -------------------------------------------------------------------    -------------------
                         (clock core_clock rise edge)
                                                      0.000     0.000 r  
                                                      0.000     0.000 r  clock (IN)
                         net (fo=1625, unset)         0.787     0.787    clock
                         FDRE                                         r  idEx_inst_reg[22]/C
  -------------------------------------------------------------------    -------------------
                         FDRE (Prop_fdre_C_Q)         0.397     1.184 r  idEx_inst_reg[22]/Q
                         net (fo=3, unplaced)         0.617     1.801    idEx_inst[22]
                         LUT4 (Prop_lut4_I1_O)        0.232     2.033 r  exMem_aluResult[31]_i_43/O
                         net (fo=1, unplaced)         0.807     2.840    exMem_aluResult[31]_i_43_n_0
                         LUT5 (Prop_lut5_I0_O)        0.105     2.945 r  exMem_aluResult[31]_i_37/O
                         net (fo=6, unplaced)         0.360     3.305    exMem_aluResult[31]_i_37_n_0
                         LUT6 (Prop_lut6_I1_O)        0.105     3.410 r  exMem_aluResult[2]_i_11/O
                         net (fo=31, unplaced)        0.652     4.062    exMem_aluResult[2]_i_11_n_0
                         LUT5 (Prop_lut5_I1_O)        0.105     4.167 r  exMem_aluResult[1]_i_7/O
                         net (fo=85, unplaced)        0.902     5.069    exMem_aluResult[1]_i_7_n_0
                         LUT6 (Prop_lut6_I4_O)        0.105     5.174 r  exMem_aluResult[17]_i_16/O
                         net (fo=5, unplaced)         0.610     5.784    exMem_aluResult[17]_i_16_n_0
                         LUT5 (Prop_lut5_I4_O)        0.105     5.889 r  exMem_aluResult[17]_i_10/O
                         net (fo=2, unplaced)         0.593     6.482    exMem_aluResult[17]_i_10_n_0
                         LUT6 (Prop_lut6_I1_O)        0.105     6.587 r  exMem_aluResult[17]_i_4/O
                         net (fo=1, unplaced)         0.347     6.934    exMem_aluResult[17]_i_4_n_0
                         LUT5 (Prop_lut5_I0_O)        0.105     7.039 r  exMem_aluResult[17]_i_2/O
                         net (fo=1, unplaced)         0.000     7.039    exMem_aluResult[17]_i_2_n_0
                         MUXF7 (Prop_muxf7_I0_O)      0.201     7.240 r  exMem_aluResult_reg[17]_i_1/O
                         net (fo=1, unplaced)         0.000     7.240    _execute_io_aluResult[17]
                         FDRE                                         r  exMem_aluResult_reg[17]/D
  -------------------------------------------------------------------    -------------------

                         (clock core_clock rise edge)
                                                     10.000    10.000 r  
                                                      0.000    10.000 r  clock (IN)
                         net (fo=1625, unset)         0.748    10.748    clock
                         FDRE                                         r  exMem_aluResult_reg[17]/C
                         clock pessimism              0.000    10.748    
                         clock uncertainty           -0.035    10.712    
                         FDRE (Setup_fdre_C_D)        0.075    10.787    exMem_aluResult_reg[17]
  -------------------------------------------------------------------
                         required time                         10.787    
                         arrival time                          -7.240    
  -------------------------------------------------------------------
                         slack                                  3.547    

Slack (MET) :             3.547ns  (required time - arrival time)
  Source:                 idEx_inst_reg[22]/C
                            (rising edge-triggered cell FDRE clocked by core_clock  {rise@0.000ns fall@5.000ns period=10.000ns})
  Destination:            exMem_aluResult_reg[9]/D
                            (rising edge-triggered cell FDRE clocked by core_clock  {rise@0.000ns fall@5.000ns period=10.000ns})
  Path Group:             core_clock
  Path Type:              Setup (Max at Slow Process Corner)
  Requirement:            10.000ns  (core_clock rise@10.000ns - core_clock rise@0.000ns)
  Data Path Delay:        6.453ns  (logic 1.565ns (24.252%)  route 4.888ns (75.748%))
  Logic Levels:           9  (LUT4=1 LUT5=4 LUT6=3 MUXF7=1)
  Clock Path Skew:        -0.039ns (DCD - SCD + CPR)
    Destination Clock Delay (DCD):    0.748ns = ( 10.748 - 10.000 ) 
    Source Clock Delay      (SCD):    0.787ns
    Clock Pessimism Removal (CPR):    0.000ns
  Clock Uncertainty:      0.035ns  ((TSJ^2 + TIJ^2)^1/2 + DJ) / 2 + PE
    Total System Jitter     (TSJ):    0.071ns
    Total Input Jitter      (TIJ):    0.000ns
    Discrete Jitter          (DJ):    0.000ns
    Phase Error              (PE):    0.000ns

    Location             Delay type                Incr(ns)  Path(ns)    Netlist Resource(s)
  -------------------------------------------------------------------    -------------------
                         (clock core_clock rise edge)
                                                      0.000     0.000 r  
                                                      0.000     0.000 r  clock (IN)
                         net (fo=1625, unset)         0.787     0.787    clock
                         FDRE                                         r  idEx_inst_reg[22]/C
  -------------------------------------------------------------------    -------------------
                         FDRE (Prop_fdre_C_Q)         0.397     1.184 r  idEx_inst_reg[22]/Q
                         net (fo=3, unplaced)         0.617     1.801    idEx_inst[22]
                         LUT4 (Prop_lut4_I1_O)        0.232     2.033 r  exMem_aluResult[31]_i_43/O
                         net (fo=1, unplaced)         0.807     2.840    exMem_aluResult[31]_i_43_n_0
                         LUT5 (Prop_lut5_I0_O)        0.105     2.945 r  exMem_aluResult[31]_i_37/O
                         net (fo=6, unplaced)         0.360     3.305    exMem_aluResult[31]_i_37_n_0
                         LUT6 (Prop_lut6_I1_O)        0.105     3.410 r  exMem_aluResult[2]_i_11/O
                         net (fo=31, unplaced)        0.652     4.062    exMem_aluResult[2]_i_11_n_0
                         LUT5 (Prop_lut5_I1_O)        0.105     4.167 r  exMem_aluResult[1]_i_7/O
                         net (fo=85, unplaced)        0.902     5.069    exMem_aluResult[1]_i_7_n_0
                         LUT6 (Prop_lut6_I4_O)        0.105     5.174 r  exMem_aluResult[17]_i_16/O
                         net (fo=5, unplaced)         0.610     5.784    exMem_aluResult[17]_i_16_n_0
                         LUT5 (Prop_lut5_I4_O)        0.105     5.889 r  exMem_aluResult[17]_i_10/O
                         net (fo=2, unplaced)         0.593     6.482    exMem_aluResult[17]_i_10_n_0
                         LUT6 (Prop_lut6_I0_O)        0.105     6.587 r  exMem_aluResult[9]_i_4/O
                         net (fo=1, unplaced)         0.347     6.934    exMem_aluResult[9]_i_4_n_0
                         LUT5 (Prop_lut5_I0_O)        0.105     7.039 r  exMem_aluResult[9]_i_2/O
                         net (fo=1, unplaced)         0.000     7.039    exMem_aluResult[9]_i_2_n_0
                         MUXF7 (Prop_muxf7_I0_O)      0.201     7.240 r  exMem_aluResult_reg[9]_i_1/O
                         net (fo=1, unplaced)         0.000     7.240    _execute_io_aluResult[9]
                         FDRE                                         r  exMem_aluResult_reg[9]/D
  -------------------------------------------------------------------    -------------------

                         (clock core_clock rise edge)
                                                     10.000    10.000 r  
                                                      0.000    10.000 r  clock (IN)
                         net (fo=1625, unset)         0.748    10.748    clock
                         FDRE                                         r  exMem_aluResult_reg[9]/C
                         clock pessimism              0.000    10.748    
                         clock uncertainty           -0.035    10.712    
                         FDRE (Setup_fdre_C_D)        0.075    10.787    exMem_aluResult_reg[9]
  -------------------------------------------------------------------
                         required time                         10.787    
                         arrival time                          -7.240    
  -------------------------------------------------------------------
                         slack                                  3.547    

Slack (MET) :             3.551ns  (required time - arrival time)
  Source:                 idEx_inst_reg[22]/C
                            (rising edge-triggered cell FDRE clocked by core_clock  {rise@0.000ns fall@5.000ns period=10.000ns})
  Destination:            exMem_aluResult_reg[14]/D
                            (rising edge-triggered cell FDRE clocked by core_clock  {rise@0.000ns fall@5.000ns period=10.000ns})
  Path Group:             core_clock
  Path Type:              Setup (Max at Slow Process Corner)
  Requirement:            10.000ns  (core_clock rise@10.000ns - core_clock rise@0.000ns)
  Data Path Delay:        6.449ns  (logic 1.565ns (24.267%)  route 4.884ns (75.733%))
  Logic Levels:           9  (LUT4=1 LUT5=3 LUT6=4 MUXF7=1)
  Clock Path Skew:        -0.039ns (DCD - SCD + CPR)
    Destination Clock Delay (DCD):    0.748ns = ( 10.748 - 10.000 ) 
    Source Clock Delay      (SCD):    0.787ns
    Clock Pessimism Removal (CPR):    0.000ns
  Clock Uncertainty:      0.035ns  ((TSJ^2 + TIJ^2)^1/2 + DJ) / 2 + PE
    Total System Jitter     (TSJ):    0.071ns
    Total Input Jitter      (TIJ):    0.000ns
    Discrete Jitter          (DJ):    0.000ns
    Phase Error              (PE):    0.000ns

    Location             Delay type                Incr(ns)  Path(ns)    Netlist Resource(s)
  -------------------------------------------------------------------    -------------------
                         (clock core_clock rise edge)
                                                      0.000     0.000 r  
                                                      0.000     0.000 r  clock (IN)
                         net (fo=1625, unset)         0.787     0.787    clock
                         FDRE                                         r  idEx_inst_reg[22]/C
  -------------------------------------------------------------------    -------------------
                         FDRE (Prop_fdre_C_Q)         0.397     1.184 r  idEx_inst_reg[22]/Q
                         net (fo=3, unplaced)         0.617     1.801    idEx_inst[22]
                         LUT4 (Prop_lut4_I1_O)        0.232     2.033 r  exMem_aluResult[31]_i_43/O
                         net (fo=1, unplaced)         0.807     2.840    exMem_aluResult[31]_i_43_n_0
                         LUT5 (Prop_lut5_I0_O)        0.105     2.945 r  exMem_aluResult[31]_i_37/O
                         net (fo=6, unplaced)         0.360     3.305    exMem_aluResult[31]_i_37_n_0
                         LUT6 (Prop_lut6_I1_O)        0.105     3.410 r  exMem_aluResult[2]_i_11/O
                         net (fo=31, unplaced)        0.652     4.062    exMem_aluResult[2]_i_11_n_0
                         LUT5 (Prop_lut5_I1_O)        0.105     4.167 r  exMem_aluResult[1]_i_7/O
                         net (fo=85, unplaced)        0.902     5.069    exMem_aluResult[1]_i_7_n_0
                         LUT6 (Prop_lut6_I4_O)        0.105     5.174 r  exMem_aluResult[14]_i_14/O
                         net (fo=4, unplaced)         0.606     5.780    exMem_aluResult[14]_i_14_n_0
                         LUT5 (Prop_lut5_I4_O)        0.105     5.885 r  exMem_aluResult[14]_i_9/O
                         net (fo=2, unplaced)         0.593     6.478    exMem_aluResult[14]_i_9_n_0
                         LUT6 (Prop_lut6_I1_O)        0.105     6.583 r  exMem_aluResult[14]_i_4/O
                         net (fo=1, unplaced)         0.347     6.930    exMem_aluResult[14]_i_4_n_0
                         LUT6 (Prop_lut6_I0_O)        0.105     7.035 r  exMem_aluResult[14]_i_2/O
                         net (fo=1, unplaced)         0.000     7.035    exMem_aluResult[14]_i_2_n_0
                         MUXF7 (Prop_muxf7_I0_O)      0.201     7.236 r  exMem_aluResult_reg[14]_i_1/O
                         net (fo=1, unplaced)         0.000     7.236    _execute_io_aluResult[14]
                         FDRE                                         r  exMem_aluResult_reg[14]/D
  -------------------------------------------------------------------    -------------------

                         (clock core_clock rise edge)
                                                     10.000    10.000 r  
                                                      0.000    10.000 r  clock (IN)
                         net (fo=1625, unset)         0.748    10.748    clock
                         FDRE                                         r  exMem_aluResult_reg[14]/C
                         clock pessimism              0.000    10.748    
                         clock uncertainty           -0.035    10.712    
                         FDRE (Setup_fdre_C_D)        0.075    10.787    exMem_aluResult_reg[14]
  -------------------------------------------------------------------
                         required time                         10.787    
                         arrival time                          -7.236    
  -------------------------------------------------------------------
                         slack                                  3.551    

Slack (MET) :             3.551ns  (required time - arrival time)
  Source:                 idEx_inst_reg[22]/C
                            (rising edge-triggered cell FDRE clocked by core_clock  {rise@0.000ns fall@5.000ns period=10.000ns})
  Destination:            exMem_aluResult_reg[6]/D
                            (rising edge-triggered cell FDRE clocked by core_clock  {rise@0.000ns fall@5.000ns period=10.000ns})
  Path Group:             core_clock
  Path Type:              Setup (Max at Slow Process Corner)
  Requirement:            10.000ns  (core_clock rise@10.000ns - core_clock rise@0.000ns)
  Data Path Delay:        6.449ns  (logic 1.565ns (24.267%)  route 4.884ns (75.733%))
  Logic Levels:           9  (LUT4=1 LUT5=5 LUT6=2 MUXF7=1)
  Clock Path Skew:        -0.039ns (DCD - SCD + CPR)
    Destination Clock Delay (DCD):    0.748ns = ( 10.748 - 10.000 ) 
    Source Clock Delay      (SCD):    0.787ns
    Clock Pessimism Removal (CPR):    0.000ns
  Clock Uncertainty:      0.035ns  ((TSJ^2 + TIJ^2)^1/2 + DJ) / 2 + PE
    Total System Jitter     (TSJ):    0.071ns
    Total Input Jitter      (TIJ):    0.000ns
    Discrete Jitter          (DJ):    0.000ns
    Phase Error              (PE):    0.000ns

    Location             Delay type                Incr(ns)  Path(ns)    Netlist Resource(s)
  -------------------------------------------------------------------    -------------------
                         (clock core_clock rise edge)
                                                      0.000     0.000 r  
                                                      0.000     0.000 r  clock (IN)
                         net (fo=1625, unset)         0.787     0.787    clock
                         FDRE                                         r  idEx_inst_reg[22]/C
  -------------------------------------------------------------------    -------------------
                         FDRE (Prop_fdre_C_Q)         0.397     1.184 r  idEx_inst_reg[22]/Q
                         net (fo=3, unplaced)         0.617     1.801    idEx_inst[22]
                         LUT4 (Prop_lut4_I1_O)        0.232     2.033 r  exMem_aluResult[31]_i_43/O
                         net (fo=1, unplaced)         0.807     2.840    exMem_aluResult[31]_i_43_n_0
                         LUT5 (Prop_lut5_I0_O)        0.105     2.945 r  exMem_aluResult[31]_i_37/O
                         net (fo=6, unplaced)         0.360     3.305    exMem_aluResult[31]_i_37_n_0
                         LUT6 (Prop_lut6_I1_O)        0.105     3.410 r  exMem_aluResult[2]_i_11/O
                         net (fo=31, unplaced)        0.652     4.062    exMem_aluResult[2]_i_11_n_0
                         LUT5 (Prop_lut5_I1_O)        0.105     4.167 r  exMem_aluResult[1]_i_7/O
                         net (fo=85, unplaced)        0.902     5.069    exMem_aluResult[1]_i_7_n_0
                         LUT6 (Prop_lut6_I4_O)        0.105     5.174 r  exMem_aluResult[14]_i_14/O
                         net (fo=4, unplaced)         0.606     5.780    exMem_aluResult[14]_i_14_n_0
                         LUT5 (Prop_lut5_I4_O)        0.105     5.885 r  exMem_aluResult[14]_i_9/O
                         net (fo=2, unplaced)         0.593     6.478    exMem_aluResult[14]_i_9_n_0
                         LUT5 (Prop_lut5_I0_O)        0.105     6.583 r  exMem_aluResult[6]_i_4/O
                         net (fo=1, unplaced)         0.347     6.930    exMem_aluResult[6]_i_4_n_0
                         LUT5 (Prop_lut5_I0_O)        0.105     7.035 r  exMem_aluResult[6]_i_2/O
                         net (fo=1, unplaced)         0.000     7.035    exMem_aluResult[6]_i_2_n_0
                         MUXF7 (Prop_muxf7_I0_O)      0.201     7.236 r  exMem_aluResult_reg[6]_i_1/O
                         net (fo=1, unplaced)         0.000     7.236    _execute_io_aluResult[6]
                         FDRE                                         r  exMem_aluResult_reg[6]/D
  -------------------------------------------------------------------    -------------------

                         (clock core_clock rise edge)
                                                     10.000    10.000 r  
                                                      0.000    10.000 r  clock (IN)
                         net (fo=1625, unset)         0.748    10.748    clock
                         FDRE                                         r  exMem_aluResult_reg[6]/C
                         clock pessimism              0.000    10.748    
                         clock uncertainty           -0.035    10.712    
                         FDRE (Setup_fdre_C_D)        0.075    10.787    exMem_aluResult_reg[6]
  -------------------------------------------------------------------
                         required time                         10.787    
                         arrival time                          -7.236    
  -------------------------------------------------------------------
                         slack                                  3.551    

Slack (MET) :             3.551ns  (required time - arrival time)
  Source:                 idEx_inst_reg[22]/C
                            (rising edge-triggered cell FDRE clocked by core_clock  {rise@0.000ns fall@5.000ns period=10.000ns})
  Destination:            exMem_aluResult_reg[7]/D
                            (rising edge-triggered cell FDRE clocked by core_clock  {rise@0.000ns fall@5.000ns period=10.000ns})
  Path Group:             core_clock
  Path Type:              Setup (Max at Slow Process Corner)
  Requirement:            10.000ns  (core_clock rise@10.000ns - core_clock rise@0.000ns)
  Data Path Delay:        6.449ns  (logic 1.565ns (24.267%)  route 4.884ns (75.733%))
  Logic Levels:           9  (LUT4=1 LUT5=5 LUT6=2 MUXF7=1)
  Clock Path Skew:        -0.039ns (DCD - SCD + CPR)
    Destination Clock Delay (DCD):    0.748ns = ( 10.748 - 10.000 ) 
    Source Clock Delay      (SCD):    0.787ns
    Clock Pessimism Removal (CPR):    0.000ns
  Clock Uncertainty:      0.035ns  ((TSJ^2 + TIJ^2)^1/2 + DJ) / 2 + PE
    Total System Jitter     (TSJ):    0.071ns
    Total Input Jitter      (TIJ):    0.000ns
    Discrete Jitter          (DJ):    0.000ns
    Phase Error              (PE):    0.000ns

    Location             Delay type                Incr(ns)  Path(ns)    Netlist Resource(s)
  -------------------------------------------------------------------    -------------------
                         (clock core_clock rise edge)
                                                      0.000     0.000 r  
                                                      0.000     0.000 r  clock (IN)
                         net (fo=1625, unset)         0.787     0.787    clock
                         FDRE                                         r  idEx_inst_reg[22]/C
  -------------------------------------------------------------------    -------------------
                         FDRE (Prop_fdre_C_Q)         0.397     1.184 r  idEx_inst_reg[22]/Q
                         net (fo=3, unplaced)         0.617     1.801    idEx_inst[22]
                         LUT4 (Prop_lut4_I1_O)        0.232     2.033 r  exMem_aluResult[31]_i_43/O
                         net (fo=1, unplaced)         0.807     2.840    exMem_aluResult[31]_i_43_n_0
                         LUT5 (Prop_lut5_I0_O)        0.105     2.945 r  exMem_aluResult[31]_i_37/O
                         net (fo=6, unplaced)         0.360     3.305    exMem_aluResult[31]_i_37_n_0
                         LUT6 (Prop_lut6_I1_O)        0.105     3.410 r  exMem_aluResult[2]_i_11/O
                         net (fo=31, unplaced)        0.652     4.062    exMem_aluResult[2]_i_11_n_0
                         LUT5 (Prop_lut5_I1_O)        0.105     4.167 r  exMem_aluResult[1]_i_7/O
                         net (fo=85, unplaced)        0.902     5.069    exMem_aluResult[1]_i_7_n_0
                         LUT6 (Prop_lut6_I4_O)        0.105     5.174 r  exMem_aluResult[15]_i_22/O
                         net (fo=4, unplaced)         0.606     5.780    exMem_aluResult[15]_i_22_n_0
                         LUT5 (Prop_lut5_I4_O)        0.105     5.885 r  exMem_aluResult[15]_i_11/O
                         net (fo=2, unplaced)         0.593     6.478    exMem_aluResult[15]_i_11_n_0
                         LUT5 (Prop_lut5_I0_O)        0.105     6.583 r  exMem_aluResult[7]_i_4/O
                         net (fo=1, unplaced)         0.347     6.930    exMem_aluResult[7]_i_4_n_0
                         LUT5 (Prop_lut5_I0_O)        0.105     7.035 r  exMem_aluResult[7]_i_2/O
                         net (fo=1, unplaced)         0.000     7.035    exMem_aluResult[7]_i_2_n_0
                         MUXF7 (Prop_muxf7_I0_O)      0.201     7.236 r  exMem_aluResult_reg[7]_i_1/O
                         net (fo=1, unplaced)         0.000     7.236    _execute_io_aluResult[7]
                         FDRE                                         r  exMem_aluResult_reg[7]/D
  -------------------------------------------------------------------    -------------------

                         (clock core_clock rise edge)
                                                     10.000    10.000 r  
                                                      0.000    10.000 r  clock (IN)
                         net (fo=1625, unset)         0.748    10.748    clock
                         FDRE                                         r  exMem_aluResult_reg[7]/C
                         clock pessimism              0.000    10.748    
                         clock uncertainty           -0.035    10.712    
                         FDRE (Setup_fdre_C_D)        0.075    10.787    exMem_aluResult_reg[7]
  -------------------------------------------------------------------
                         required time                         10.787    
                         arrival time                          -7.236    
  -------------------------------------------------------------------
                         slack                                  3.551    

Slack (MET) :             3.561ns  (required time - arrival time)
  Source:                 idEx_inst_reg[22]/C
                            (rising edge-triggered cell FDRE clocked by core_clock  {rise@0.000ns fall@5.000ns period=10.000ns})
  Destination:            exMem_aluResult_reg[28]/D
                            (rising edge-triggered cell FDRE clocked by core_clock  {rise@0.000ns fall@5.000ns period=10.000ns})
  Path Group:             core_clock
  Path Type:              Setup (Max at Slow Process Corner)
  Requirement:            10.000ns  (core_clock rise@10.000ns - core_clock rise@0.000ns)
  Data Path Delay:        6.439ns  (logic 1.585ns (24.616%)  route 4.854ns (75.384%))
  Logic Levels:           9  (LUT3=1 LUT4=1 LUT5=3 LUT6=3 MUXF7=1)
  Clock Path Skew:        -0.039ns (DCD - SCD + CPR)
    Destination Clock Delay (DCD):    0.748ns = ( 10.748 - 10.000 ) 
    Source Clock Delay      (SCD):    0.787ns
    Clock Pessimism Removal (CPR):    0.000ns
  Clock Uncertainty:      0.035ns  ((TSJ^2 + TIJ^2)^1/2 + DJ) / 2 + PE
    Total System Jitter     (TSJ):    0.071ns
    Total Input Jitter      (TIJ):    0.000ns
    Discrete Jitter          (DJ):    0.000ns
    Phase Error              (PE):    0.000ns

    Location             Delay type                Incr(ns)  Path(ns)    Netlist Resource(s)
  -------------------------------------------------------------------    -------------------
                         (clock core_clock rise edge)
                                                      0.000     0.000 r  
                                                      0.000     0.000 r  clock (IN)
                         net (fo=1625, unset)         0.787     0.787    clock
                         FDRE                                         r  idEx_inst_reg[22]/C
  -------------------------------------------------------------------    -------------------
                         FDRE (Prop_fdre_C_Q)         0.397     1.184 r  idEx_inst_reg[22]/Q
                         net (fo=3, unplaced)         0.617     1.801    idEx_inst[22]
                         LUT4 (Prop_lut4_I1_O)        0.232     2.033 r  exMem_aluResult[31]_i_43/O
                         net (fo=1, unplaced)         0.807     2.840    exMem_aluResult[31]_i_43_n_0
                         LUT5 (Prop_lut5_I0_O)        0.105     2.945 r  exMem_aluResult[31]_i_37/O
                         net (fo=6, unplaced)         0.360     3.305    exMem_aluResult[31]_i_37_n_0
                         LUT6 (Prop_lut6_I1_O)        0.105     3.410 r  exMem_aluResult[2]_i_11/O
                         net (fo=31, unplaced)        0.652     4.062    exMem_aluResult[2]_i_11_n_0
                         LUT5 (Prop_lut5_I1_O)        0.105     4.167 r  exMem_aluResult[1]_i_7/O
                         net (fo=85, unplaced)        0.902     5.069    exMem_aluResult[1]_i_7_n_0
                         LUT6 (Prop_lut6_I4_O)        0.105     5.174 r  exMem_aluResult[28]_i_17/O
                         net (fo=4, unplaced)         0.352     5.526    exMem_aluResult[28]_i_17_n_0
                         LUT3 (Prop_lut3_I0_O)        0.125     5.651 r  exMem_aluResult[28]_i_10/O
                         net (fo=1, unplaced)         0.582     6.233    exMem_aluResult[28]_i_10_n_0
                         LUT6 (Prop_lut6_I2_O)        0.105     6.338 r  exMem_aluResult[28]_i_5/O
                         net (fo=1, unplaced)         0.582     6.920    exMem_aluResult[28]_i_5_n_0
                         LUT5 (Prop_lut5_I2_O)        0.105     7.025 r  exMem_aluResult[28]_i_2/O
                         net (fo=1, unplaced)         0.000     7.025    exMem_aluResult[28]_i_2_n_0
                         MUXF7 (Prop_muxf7_I0_O)      0.201     7.226 r  exMem_aluResult_reg[28]_i_1/O
                         net (fo=1, unplaced)         0.000     7.226    _execute_io_aluResult[28]
                         FDRE                                         r  exMem_aluResult_reg[28]/D
  -------------------------------------------------------------------    -------------------

                         (clock core_clock rise edge)
                                                     10.000    10.000 r  
                                                      0.000    10.000 r  clock (IN)
                         net (fo=1625, unset)         0.748    10.748    clock
                         FDRE                                         r  exMem_aluResult_reg[28]/C
                         clock pessimism              0.000    10.748    
                         clock uncertainty           -0.035    10.712    
                         FDRE (Setup_fdre_C_D)        0.075    10.787    exMem_aluResult_reg[28]
  -------------------------------------------------------------------
                         required time                         10.787    
                         arrival time                          -7.226    
  -------------------------------------------------------------------
                         slack                                  3.561    

Slack (MET) :             3.562ns  (required time - arrival time)
  Source:                 idEx_inst_reg[22]/C
                            (rising edge-triggered cell FDRE clocked by core_clock  {rise@0.000ns fall@5.000ns period=10.000ns})
  Destination:            exMem_aluResult_reg[24]/D
                            (rising edge-triggered cell FDRE clocked by core_clock  {rise@0.000ns fall@5.000ns period=10.000ns})
  Path Group:             core_clock
  Path Type:              Setup (Max at Slow Process Corner)
  Requirement:            10.000ns  (core_clock rise@10.000ns - core_clock rise@0.000ns)
  Data Path Delay:        6.438ns  (logic 1.565ns (24.309%)  route 4.873ns (75.691%))
  Logic Levels:           9  (LUT3=1 LUT4=1 LUT5=2 LUT6=4 MUXF7=1)
  Clock Path Skew:        -0.039ns (DCD - SCD + CPR)
    Destination Clock Delay (DCD):    0.748ns = ( 10.748 - 10.000 ) 
    Source Clock Delay      (SCD):    0.787ns
    Clock Pessimism Removal (CPR):    0.000ns
  Clock Uncertainty:      0.035ns  ((TSJ^2 + TIJ^2)^1/2 + DJ) / 2 + PE
    Total System Jitter     (TSJ):    0.071ns
    Total Input Jitter      (TIJ):    0.000ns
    Discrete Jitter          (DJ):    0.000ns
    Phase Error              (PE):    0.000ns

    Location             Delay type                Incr(ns)  Path(ns)    Netlist Resource(s)
  -------------------------------------------------------------------    -------------------
                         (clock core_clock rise edge)
                                                      0.000     0.000 r  
                                                      0.000     0.000 r  clock (IN)
                         net (fo=1625, unset)         0.787     0.787    clock
                         FDRE                                         r  idEx_inst_reg[22]/C
  -------------------------------------------------------------------    -------------------
                         FDRE (Prop_fdre_C_Q)         0.397     1.184 r  idEx_inst_reg[22]/Q
                         net (fo=3, unplaced)         0.617     1.801    idEx_inst[22]
                         LUT4 (Prop_lut4_I1_O)        0.232     2.033 r  exMem_aluResult[31]_i_43/O
                         net (fo=1, unplaced)         0.807     2.840    exMem_aluResult[31]_i_43_n_0
                         LUT5 (Prop_lut5_I0_O)        0.105     2.945 r  exMem_aluResult[31]_i_37/O
                         net (fo=6, unplaced)         0.360     3.305    exMem_aluResult[31]_i_37_n_0
                         LUT6 (Prop_lut6_I1_O)        0.105     3.410 r  exMem_aluResult[2]_i_11/O
                         net (fo=31, unplaced)        0.652     4.062    exMem_aluResult[2]_i_11_n_0
                         LUT5 (Prop_lut5_I1_O)        0.105     4.167 r  exMem_aluResult[1]_i_7/O
                         net (fo=85, unplaced)        0.902     5.069    exMem_aluResult[1]_i_7_n_0
                         LUT6 (Prop_lut6_I4_O)        0.105     5.174 r  exMem_aluResult[28]_i_17/O
                         net (fo=4, unplaced)         0.371     5.545    exMem_aluResult[28]_i_17_n_0
                         LUT3 (Prop_lut3_I2_O)        0.105     5.650 r  exMem_aluResult[24]_i_11/O
                         net (fo=1, unplaced)         0.582     6.232    exMem_aluResult[24]_i_11_n_0
                         LUT6 (Prop_lut6_I2_O)        0.105     6.337 r  exMem_aluResult[24]_i_6/O
                         net (fo=1, unplaced)         0.582     6.919    exMem_aluResult[24]_i_6_n_0
                         LUT6 (Prop_lut6_I3_O)        0.105     7.024 r  exMem_aluResult[24]_i_2/O
                         net (fo=1, unplaced)         0.000     7.024    exMem_aluResult[24]_i_2_n_0
                         MUXF7 (Prop_muxf7_I0_O)      0.201     7.225 r  exMem_aluResult_reg[24]_i_1/O
                         net (fo=1, unplaced)         0.000     7.225    _execute_io_aluResult[24]
                         FDRE                                         r  exMem_aluResult_reg[24]/D
  -------------------------------------------------------------------    -------------------

                         (clock core_clock rise edge)
                                                     10.000    10.000 r  
                                                      0.000    10.000 r  clock (IN)
                         net (fo=1625, unset)         0.748    10.748    clock
                         FDRE                                         r  exMem_aluResult_reg[24]/C
                         clock pessimism              0.000    10.748    
                         clock uncertainty           -0.035    10.712    
                         FDRE (Setup_fdre_C_D)        0.075    10.787    exMem_aluResult_reg[24]
  -------------------------------------------------------------------
                         required time                         10.787    
                         arrival time                          -7.225    
  -------------------------------------------------------------------
                         slack                                  3.562    

Slack (MET) :             3.562ns  (required time - arrival time)
  Source:                 idEx_inst_reg[22]/C
                            (rising edge-triggered cell FDRE clocked by core_clock  {rise@0.000ns fall@5.000ns period=10.000ns})
  Destination:            exMem_aluResult_reg[25]/D
                            (rising edge-triggered cell FDRE clocked by core_clock  {rise@0.000ns fall@5.000ns period=10.000ns})
  Path Group:             core_clock
  Path Type:              Setup (Max at Slow Process Corner)
  Requirement:            10.000ns  (core_clock rise@10.000ns - core_clock rise@0.000ns)
  Data Path Delay:        6.438ns  (logic 1.565ns (24.309%)  route 4.873ns (75.691%))
  Logic Levels:           9  (LUT3=1 LUT4=1 LUT5=2 LUT6=4 MUXF7=1)
  Clock Path Skew:        -0.039ns (DCD - SCD + CPR)
    Destination Clock Delay (DCD):    0.748ns = ( 10.748 - 10.000 ) 
    Source Clock Delay      (SCD):    0.787ns
    Clock Pessimism Removal (CPR):    0.000ns
  Clock Uncertainty:      0.035ns  ((TSJ^2 + TIJ^2)^1/2 + DJ) / 2 + PE
    Total System Jitter     (TSJ):    0.071ns
    Total Input Jitter      (TIJ):    0.000ns
    Discrete Jitter          (DJ):    0.000ns
    Phase Error              (PE):    0.000ns

    Location             Delay type                Incr(ns)  Path(ns)    Netlist Resource(s)
  -------------------------------------------------------------------    -------------------
                         (clock core_clock rise edge)
                                                      0.000     0.000 r  
                                                      0.000     0.000 r  clock (IN)
                         net (fo=1625, unset)         0.787     0.787    clock
                         FDRE                                         r  idEx_inst_reg[22]/C
  -------------------------------------------------------------------    -------------------
                         FDRE (Prop_fdre_C_Q)         0.397     1.184 r  idEx_inst_reg[22]/Q
                         net (fo=3, unplaced)         0.617     1.801    idEx_inst[22]
                         LUT4 (Prop_lut4_I1_O)        0.232     2.033 r  exMem_aluResult[31]_i_43/O
                         net (fo=1, unplaced)         0.807     2.840    exMem_aluResult[31]_i_43_n_0
                         LUT5 (Prop_lut5_I0_O)        0.105     2.945 r  exMem_aluResult[31]_i_37/O
                         net (fo=6, unplaced)         0.360     3.305    exMem_aluResult[31]_i_37_n_0
                         LUT6 (Prop_lut6_I1_O)        0.105     3.410 r  exMem_aluResult[2]_i_11/O
                         net (fo=31, unplaced)        0.652     4.062    exMem_aluResult[2]_i_11_n_0
                         LUT5 (Prop_lut5_I1_O)        0.105     4.167 r  exMem_aluResult[1]_i_7/O
                         net (fo=85, unplaced)        0.902     5.069    exMem_aluResult[1]_i_7_n_0
                         LUT6 (Prop_lut6_I4_O)        0.105     5.174 r  exMem_aluResult[29]_i_20/O
                         net (fo=4, unplaced)         0.371     5.545    exMem_aluResult[29]_i_20_n_0
                         LUT3 (Prop_lut3_I2_O)        0.105     5.650 r  exMem_aluResult[25]_i_12/O
                         net (fo=1, unplaced)         0.582     6.232    exMem_aluResult[25]_i_12_n_0
                         LUT6 (Prop_lut6_I2_O)        0.105     6.337 r  exMem_aluResult[25]_i_6/O
                         net (fo=1, unplaced)         0.582     6.919    exMem_aluResult[25]_i_6_n_0
                         LUT6 (Prop_lut6_I3_O)        0.105     7.024 r  exMem_aluResult[25]_i_2/O
                         net (fo=1, unplaced)         0.000     7.024    exMem_aluResult[25]_i_2_n_0
                         MUXF7 (Prop_muxf7_I0_O)      0.201     7.225 r  exMem_aluResult_reg[25]_i_1/O
                         net (fo=1, unplaced)         0.000     7.225    _execute_io_aluResult[25]
                         FDRE                                         r  exMem_aluResult_reg[25]/D
  -------------------------------------------------------------------    -------------------

                         (clock core_clock rise edge)
                                                     10.000    10.000 r  
                                                      0.000    10.000 r  clock (IN)
                         net (fo=1625, unset)         0.748    10.748    clock
                         FDRE                                         r  exMem_aluResult_reg[25]/C
                         clock pessimism              0.000    10.748    
                         clock uncertainty           -0.035    10.712    
                         FDRE (Setup_fdre_C_D)        0.075    10.787    exMem_aluResult_reg[25]
  -------------------------------------------------------------------
                         required time                         10.787    
                         arrival time                          -7.225    
  -------------------------------------------------------------------
                         slack                                  3.562    




