TEXTURE_PROFILE,BACKGROUND,tier=32,tick=0,count=1,us=8531,pixels=518400,rd=1036800,wr=1036800,stalls=507596,render_grants=2566,scan_grants=668,under=0,cache=0,cache_status=1
TEXTURE_PROFILE,KEY,tier=32,tick=0,count=36,us=232,pixels=3072,rd=0,wr=2888,stalls=7498,render_grants=320,scan_grants=19,under=0,cache=6144,cache_status=1
TEXTURE_PROFILE,ALPHA,tier=32,tick=0,count=8,us=225,pixels=1152,rd=2352,wr=2304,stalls=12234,render_grants=192,scan_grants=18,under=0,cache=2304,cache_status=1
TEXTURE_PROFILE,FULL,tier=32,tick=0,count=45,us=9125,pixels=522624,rd=1039152,wr=1041992,stalls=549486,render_grants=3078,scan_grants=732,under=0,cache=8448,cache_status=1
TEXTURE_PROFILE,PRESENT,tier=32,tick=0,us=11125
TEXTURE_PROFILE,BACKGROUND,tier=32,tick=90,count=1,us=8767,pixels=518400,rd=1036800,wr=1036800,stalls=531134,render_grants=2566,scan_grants=703,under=0,cache=0,cache_status=1
TEXTURE_PROFILE,KEY,tier=32,tick=90,count=36,us=231,pixels=3072,rd=0,wr=2888,stalls=10027,render_grants=321,scan_grants=19,under=0,cache=6144,cache_status=1
TEXTURE_PROFILE,ALPHA,tier=32,tick=90,count=8,us=192,pixels=1152,rd=2448,wr=2304,stalls=7765,render_grants=192,scan_grants=14,under=0,cache=2304,cache_status=1
TEXTURE_PROFILE,FULL,tier=32,tick=90,count=45,us=8412,pixels=522624,rd=1039248,wr=1041992,stalls=476237,render_grants=3079,scan_grants=623,under=0,cache=8448,cache_status=1
TEXTURE_PROFILE,PRESENT,tier=32,tick=90,us=6139
TEXTURE_PROFILE,BACKGROUND,tier=32,tick=180,count=1,us=8079,pixels=518400,rd=1036800,wr=1036800,stalls=460547,render_grants=2566,scan_grants=599,under=0,cache=0,cache_status=1
TEXTURE_PROFILE,KEY,tier=32,tick=180,count=36,us=248,pixels=3072,rd=0,wr=2888,stalls=11753,render_grants=320,scan_grants=21,under=0,cache=6144,cache_status=1
TEXTURE_PROFILE,ALPHA,tier=32,tick=180,count=8,us=197,pixels=1152,rd=2352,wr=2304,stalls=9349,render_grants=192,scan_grants=15,under=0,cache=2304,cache_status=1
TEXTURE_PROFILE,FULL,tier=32,tick=180,count=45,us=8416,pixels=522624,rd=1039152,wr=1041992,stalls=475227,render_grants=3078,scan_grants=623,under=0,cache=8448,cache_status=1
TEXTURE_PROFILE,PRESENT,tier=32,tick=180,us=1966
TEXTURE_PROFILE,BACKGROUND,tier=64,tick=0,count=1,us=8785,pixels=518400,rd=1036800,wr=1036800,stalls=531583,render_grants=2566,scan_grants=707,under=0,cache=0,cache_status=1
TEXTURE_PROFILE,KEY,tier=64,tick=0,count=68,us=375,pixels=5120,rd=0,wr=4832,stalls=14201,render_grants=578,scan_grants=30,under=0,cache=10240,cache_status=1
TEXTURE_PROFILE,ALPHA,tier=64,tick=0,count=12,us=319,pixels=1728,rd=3552,wr=3456,stalls=16923,render_grants=288,scan_grants=26,under=0,cache=3456,cache_status=1
TEXTURE_PROFILE,FULL,tier=64,tick=0,count=81,us=8613,pixels=525248,rd=1040352,wr=1045088,stalls=483624,render_grants=3432,scan_grants=638,under=0,cache=13696,cache_status=1
TEXTURE_PROFILE,PRESENT,tier=64,tick=0,us=6392
TEXTURE_PROFILE,BACKGROUND,tier=64,tick=90,count=1,us=8038,pixels=518400,rd=1036800,wr=1036800,stalls=457253,render_grants=2566,scan_grants=591,under=0,cache=0,cache_status=1
TEXTURE_PROFILE,KEY,tier=64,tick=90,count=68,us=419,pixels=5096,rd=0,wr=4816,stalls=16665,render_grants=574,scan_grants=33,under=0,cache=10192,cache_status=1
TEXTURE_PROFILE,ALPHA,tier=64,tick=90,count=12,us=312,pixels=1728,rd=3744,wr=3456,stalls=13854,render_grants=288,scan_grants=27,under=0,cache=3456,cache_status=1
TEXTURE_PROFILE,FULL,tier=64,tick=90,count=81,us=8670,pixels=525224,rd=1040544,wr=1045072,stalls=490911,render_grants=3428,scan_grants=645,under=0,cache=13648,cache_status=1
TEXTURE_PROFILE,PRESENT,tier=64,tick=90,us=2100
TEXTURE_PROFILE,BACKGROUND,tier=64,tick=180,count=1,us=8751,pixels=518400,rd=1036800,wr=1036800,stalls=528563,render_grants=2566,scan_grants=703,under=0,cache=0,cache_status=1
TEXTURE_PROFILE,KEY,tier=64,tick=180,count=68,us=312,pixels=5120,rd=0,wr=4832,stalls=577,render_grants=577,scan_grants=0,under=0,cache=10240,cache_status=1
TEXTURE_PROFILE,ALPHA,tier=64,tick=180,count=12,us=289,pixels=1728,rd=3600,wr=3456,stalls=13870,render_grants=288,scan_grants=21,under=0,cache=3456,cache_status=1
TEXTURE_PROFILE,FULL,tier=64,tick=180,count=81,us=8651,pixels=525248,rd=1040400,wr=1045088,stalls=489488,render_grants=3431,scan_grants=642,under=0,cache=13696,cache_status=1
TEXTURE_PROFILE,PRESENT,tier=64,tick=180,us=6814
TEXTURE_PROFILE,BACKGROUND,tier=128,tick=0,count=1,us=8792,pixels=518400,rd=1036800,wr=1036800,stalls=531540,render_grants=2566,scan_grants=707,under=0,cache=0,cache_status=1
TEXTURE_PROFILE,KEY,tier=128,tick=0,count=132,us=752,pixels=9216,rd=0,wr=8776,stalls=30432,render_grants=1093,scan_grants=61,under=0,cache=18432,cache_status=1
TEXTURE_PROFILE,ALPHA,tier=128,tick=0,count=20,us=502,pixels=2880,rd=6000,wr=5760,stalls=26121,render_grants=482,scan_grants=40,under=0,cache=5760,cache_status=1
TEXTURE_PROFILE,FULL,tier=128,tick=0,count=153,us=9182,pixels=530496,rd=1042800,wr=1051336,stalls=512719,render_grants=4141,scan_grants=683,under=0,cache=24192,cache_status=1
TEXTURE_PROFILE,PRESENT,tier=128,tick=0,us=9035
TEXTURE_PROFILE,BACKGROUND,tier=128,tick=90,count=1,us=8750,pixels=518400,rd=1036800,wr=1036800,stalls=526875,render_grants=2566,scan_grants=701,under=0,cache=0,cache_status=1
TEXTURE_PROFILE,KEY,tier=128,tick=90,count=130,us=644,pixels=9064,rd=0,wr=8680,stalls=13210,render_grants=1070,scan_grants=24,under=0,cache=18128,cache_status=1
TEXTURE_PROFILE,ALPHA,tier=128,tick=90,count=20,us=502,pixels=2880,rd=6288,wr=5760,stalls=25994,render_grants=480,scan_grants=40,under=0,cache=5760,cache_status=1
TEXTURE_PROFILE,FULL,tier=128,tick=90,count=151,us=9184,pixels=530344,rd=1043088,wr=1051240,stalls=513179,render_grants=4116,scan_grants=683,under=0,cache=23888,cache_status=1
TEXTURE_PROFILE,PRESENT,tier=128,tick=90,us=7048
TEXTURE_PROFILE,BACKGROUND,tier=128,tick=180,count=1,us=8745,pixels=518400,rd=1036800,wr=1036800,stalls=528544,render_grants=2566,scan_grants=701,under=0,cache=0,cache_status=1
TEXTURE_PROFILE,KEY,tier=128,tick=180,count=132,us=710,pixels=9072,rd=0,wr=8624,stalls=28539,render_grants=1073,scan_grants=54,under=0,cache=18144,cache_status=1
TEXTURE_PROFILE,ALPHA,tier=128,tick=180,count=20,us=515,pixels=2880,rd=6048,wr=5760,stalls=27425,render_grants=480,scan_grants=43,under=0,cache=5760,cache_status=1
TEXTURE_PROFILE,FULL,tier=128,tick=180,count=153,us=9166,pixels=530352,rd=1042848,wr=1051184,stalls=508798,render_grants=4119,scan_grants=682,under=0,cache=23904,cache_status=1
TEXTURE_PROFILE,PRESENT,tier=128,tick=180,us=4434
TEXTURE_PROFILE,BACKGROUND,tier=256,tick=0,count=1,us=8761,pixels=518400,rd=1036800,wr=1036800,stalls=529919,render_grants=2566,scan_grants=703,under=0,cache=0,cache_status=1
TEXTURE_PROFILE,KEY,tier=256,tick=0,count=260,us=1306,pixels=17408,rd=0,wr=16608,stalls=28911,render_grants=2121,scan_grants=53,under=0,cache=34816,cache_status=1
TEXTURE_PROFILE,ALPHA,tier=256,tick=0,count=36,us=863,pixels=5184,rd=10848,wr=10368,stalls=43259,render_grants=870,scan_grants=69,under=0,cache=10368,cache_status=1
TEXTURE_PROFILE,FULL,tier=256,tick=0,count=297,us=10277,pixels=540992,rd=1047648,wr=1063776,stalls=564032,render_grants=5557,scan_grants=774,under=0,cache=45184,cache_status=1
TEXTURE_PROFILE,PRESENT,tier=256,tick=0,us=7268
TEXTURE_PROFILE,BACKGROUND,tier=256,tick=90,count=1,us=8040,pixels=518400,rd=1036800,wr=1036800,stalls=458226,render_grants=2566,scan_grants=591,under=0,cache=0,cache_status=1
TEXTURE_PROFILE,KEY,tier=256,tick=90,count=257,us=1361,pixels=17128,rd=0,wr=16400,stalls=56715,render_grants=2078,scan_grants=110,under=0,cache=34256,cache_status=1
TEXTURE_PROFILE,ALPHA,tier=256,tick=90,count=36,us=898,pixels=5112,rd=11280,wr=10224,stalls=46331,render_grants=854,scan_grants=75,under=0,cache=10224,cache_status=1
TEXTURE_PROFILE,FULL,tier=256,tick=90,count=294,us=10854,pixels=540640,rd=1048080,wr=1063424,stalls=621704,render_grants=5498,scan_grants=850,under=0,cache=44480,cache_status=1
TEXTURE_PROFILE,PRESENT,tier=256,tick=90,us=11833
TEXTURE_PROFILE,BACKGROUND,tier=256,tick=180,count=1,us=8047,pixels=518400,rd=1036800,wr=1036800,stalls=458411,render_grants=2566,scan_grants=595,under=0,cache=0,cache_status=1
TEXTURE_PROFILE,KEY,tier=256,tick=180,count=258,us=1413,pixels=17064,rd=0,wr=16232,stalls=58322,render_grants=2077,scan_grants=112,under=0,cache=34144,cache_status=1
TEXTURE_PROFILE,ALPHA,tier=256,tick=180,count=36,us=894,pixels=5124,rd=10848,wr=10248,stalls=44951,render_grants=866,scan_grants=74,under=0,cache=10272,cache_status=1
TEXTURE_PROFILE,FULL,tier=256,tick=180,count=295,us=10974,pixels=540588,rd=1047648,wr=1063280,stalls=636854,render_grants=5509,scan_grants=881,under=0,cache=44416,cache_status=1
TEXTURE_PROFILE,PRESENT,tier=256,tick=180,us=15583
TEXTURE_PROFILE,BACKGROUND,tier=512,tick=0,count=1,us=8764,pixels=518400,rd=1036800,wr=1036800,stalls=529404,render_grants=2566,scan_grants=703,under=0,cache=0,cache_status=1
TEXTURE_PROFILE,KEY,tier=512,tick=0,count=515,us=2796,pixels=33712,rd=0,wr=32280,stalls=120028,render_grants=4163,scan_grants=225,under=0,cache=67424,cache_status=1
TEXTURE_PROFILE,ALPHA,tier=512,tick=0,count=68,us=1006,pixels=9792,rd=20688,wr=19584,stalls=20108,render_grants=1640,scan_grants=31,under=0,cache=19584,cache_status=1
TEXTURE_PROFILE,FULL,tier=512,tick=0,count=584,us=12365,pixels=561904,rd=1057488,wr=1088664,stalls=655165,render_grants=8369,scan_grants=941,under=0,cache=87008,cache_status=1
TEXTURE_PROFILE,PRESENT,tier=512,tick=0,us=3097
TEXTURE_PROFILE,BACKGROUND,tier=512,tick=90,count=1,us=8764,pixels=518400,rd=1036800,wr=1036800,stalls=531188,render_grants=2566,scan_grants=702,under=0,cache=0,cache_status=1
TEXTURE_PROFILE,KEY,tier=512,tick=90,count=513,us=2707,pixels=33240,rd=0,wr=31848,stalls=115034,render_grants=4104,scan_grants=216,under=0,cache=66480,cache_status=1
TEXTURE_PROFILE,ALPHA,tier=512,tick=90,count=68,us=1631,pixels=9648,rd=21264,wr=19296,stalls=83257,render_grants=1624,scan_grants=130,under=0,cache=19296,cache_status=1
TEXTURE_PROFILE,FULL,tier=512,tick=90,count=582,us=12339,pixels=561288,rd=1058064,wr=1087944,stalls=661531,render_grants=8294,scan_grants=938,under=0,cache=85776,cache_status=1
TEXTURE_PROFILE,PRESENT,tier=512,tick=90,us=4395
TEXTURE_PROFILE,BACKGROUND,tier=512,tick=180,count=1,us=8599,pixels=518400,rd=1036800,wr=1036800,stalls=514441,render_grants=2566,scan_grants=677,under=0,cache=0,cache_status=1
TEXTURE_PROFILE,KEY,tier=512,tick=180,count=514,us=2621,pixels=33328,rd=0,wr=31840,stalls=83647,render_grants=4114,scan_grants=156,under=0,cache=66672,cache_status=1
TEXTURE_PROFILE,ALPHA,tier=512,tick=180,count=68,us=1624,pixels=9732,rd=20304,wr=19464,stalls=81973,render_grants=1634,scan_grants=129,under=0,cache=19488,cache_status=1
TEXTURE_PROFILE,FULL,tier=512,tick=180,count=583,us=12304,pixels=561460,rd=1057104,wr=1088104,stalls=655413,render_grants=8314,scan_grants=934,under=0,cache=86160,cache_status=1
TEXTURE_PROFILE,PRESENT,tier=512,tick=180,us=7100
TEXTURE_CACHE_PROFILE_STOP,result=0,hardware=0
