BULLET_ASSET,id=101,bytes=0,retries=5,result=-22
TEXTURE_CACHE,result=0,base=02c00000,bytes=3104,network=0
SCENE BULLET: AUTO survival, HP/graze/shield/restart, deterministic replay; no physical input
V2 comparison: CLINT Hz=100000000 network_result=-22; KEY1 less KEY2 more
BULLET_PERF,mode=CPU,target=64,frames=30,fps_x10=28,render_us=296102
BULLET_PERF,mode=GPU,target=64,frames=30,fps_x10=563,render_us=9300
BULLET_PERF,mode=CPU,target=64,frames=30,fps_x10=28,render_us=297053
BULLET_PERF,mode=GPU,target=64,frames=30,fps_x10=581,render_us=9292
BULLET_PERF,mode=CPU,target=64,frames=30,fps_x10=28,render_us=297130
BULLET_PERF,mode=GPU,target=64,frames=30,fps_x10=581,render_us=9301
BULLET_PERF,mode=CPU,target=64,frames=30,fps_x10=28,render_us=297093
BULLET_PERF,mode=GPU,target=64,frames=30,fps_x10=487,render_us=9316
BULLET_PERF,mode=CPU,target=64,frames=30,fps_x10=28,render_us=296956
BULLET_PERF,mode=GPU,target=64,frames=30,fps_x10=462,render_us=9296
BULLET_PERF,mode=CPU,target=64,frames=30,fps_x10=28,render_us=297022
BULLET_PERF,mode=GPU,target=64,frames=30,fps_x10=429,render_us=9294
BULLET_PERF,mode=CPU,target=64,frames=30,fps_x10=28,render_us=296968
BULLET_PERF,mode=GPU,target=64,frames=30,fps_x10=487,render_us=9300
BULLET_PERF,mode=CPU,target=64,frames=30,fps_x10=28,render_us=297085
BULLET_PERF,mode=GPU,target=64,frames=30,fps_x10=400,render_us=9307
BULLET_PERF,mode=CPU,target=64,frames=30,fps_x10=28,render_us=297034
BULLET_PERF,mode=GPU,target=64,frames=30,fps_x10=515,render_us=9307
BULLET_PERF,mode=CPU,target=64,frames=30,fps_x10=28,render_us=297061
BULLET_GPU_300,target=64,frames=300,p5_fps=30,underflows=0,errors=0,windowed_60fps=0
