Copyright 1986-2019 Xilinx, Inc. All Rights Reserved.
---------------------------------------------------------------------------------------------------------------------------------------------------------
| Tool Version : Vivado v.2019.2 (win64) Build 2708876 Wed Nov  6 21:40:23 MST 2019
| Date         : Fri Aug 28 16:41:27 2026
| Host         : LAPTOP-C1GK89UB running 64-bit major release  (build 9200)
| Command      : report_timing -delay_type max -max_paths 10 -sort_by group -file D:/ZYNQ/smallproject/generated/reports/rv32core-final/timing_paths.rpt
| Design       : Rv32Core
| Device       : 7z015-clg485
| Speed File   : -2  PRODUCTION 1.11 2014-09-11
---------------------------------------------------------------------------------------------------------------------------------------------------------

Timing Report

Slack (MET) :             1.157ns  (required time - arrival time)
  Source:                 idEx_rs1_reg[2]/C
                            (rising edge-triggered cell FDRE clocked by core_clock  {rise@0.000ns fall@5.000ns period=10.000ns})
  Destination:            ifId_fetchError_reg/CE
                            (rising edge-triggered cell FDRE clocked by core_clock  {rise@0.000ns fall@5.000ns period=10.000ns})
  Path Group:             core_clock
  Path Type:              Setup (Max at Slow Process Corner)
  Requirement:            10.000ns  (core_clock rise@10.000ns - core_clock rise@0.000ns)
  Data Path Delay:        8.603ns  (logic 2.581ns (30.001%)  route 6.022ns (69.999%))
  Logic Levels:           14  (CARRY4=3 LUT4=2 LUT5=4 LUT6=5)
  Clock Path Skew:        -0.039ns (DCD - SCD + CPR)
    Destination Clock Delay (DCD):    0.748ns = ( 10.748 - 10.000 ) 
    Source Clock Delay      (SCD):    0.787ns
    Clock Pessimism Removal (CPR):    0.000ns
  Clock Uncertainty:      0.035ns  ((TSJ^2 + TIJ^2)^1/2 + DJ) / 2 + PE
    Total System Jitter     (TSJ):    0.071ns
    Total Input Jitter      (TIJ):    0.000ns
    Discrete Jitter          (DJ):    0.000ns
    Phase Error              (PE):    0.000ns

    Location             Delay type                Incr(ns)  Path(ns)    Netlist Resource(s)
  -------------------------------------------------------------------    -------------------
                         (clock core_clock rise edge)
                                                      0.000     0.000 r  
                                                      0.000     0.000 r  clock (IN)
                         net (fo=1685, unset)         0.787     0.787    clock
                         FDRE                                         r  idEx_rs1_reg[2]/C
  -------------------------------------------------------------------    -------------------
                         FDRE (Prop_fdre_C_Q)         0.397     1.184 r  idEx_rs1_reg[2]/Q
                         net (fo=3, unplaced)         0.617     1.801    frontend/queue/ram_ext/D[2]
                         LUT4 (Prop_lut4_I1_O)        0.232     2.033 r  frontend/queue/ram_ext/io_imem_req_valid_INST_0_i_64/O
                         net (fo=1, unplaced)         0.807     2.840    frontend/queue/ram_ext/io_imem_req_valid_INST_0_i_64_n_0
                         LUT5 (Prop_lut5_I0_O)        0.105     2.945 f  frontend/queue/ram_ext/io_imem_req_valid_INST_0_i_24/O
                         net (fo=127, unplaced)       0.453     3.398    frontend/queue/ram_ext/exMem_rd_reg[2]
                         LUT6 (Prop_lut6_I5_O)        0.105     3.503 r  frontend/queue/ram_ext/io_imem_req_valid_INST_0_i_25/O
                         net (fo=31, unplaced)        0.652     4.155    frontend/queue/ram_ext/io_imem_req_valid_INST_0_i_25_n_0
                         LUT6 (Prop_lut6_I1_O)        0.105     4.260 r  frontend/queue/ram_ext/io_imem_req_valid_INST_0_i_11/O
                         net (fo=16, unplaced)        0.836     5.096    frontend/queue/ram_ext/memWb_writeData_reg[3]
                         LUT6 (Prop_lut6_I0_O)        0.105     5.201 r  frontend/queue/ram_ext/io_imem_req_valid_INST_0_i_121/O
                         net (fo=1, unplaced)         0.000     5.201    frontend/queue/ram_ext/io_imem_req_valid_INST_0_i_121_n_0
                         CARRY4 (Prop_carry4_S[1]_CO[3])
                                                      0.444     5.645 r  frontend/queue/ram_ext/io_imem_req_valid_INST_0_i_83/CO[3]
                         net (fo=1, unplaced)         0.008     5.653    frontend/queue/ram_ext/io_imem_req_valid_INST_0_i_83_n_0
                         CARRY4 (Prop_carry4_CI_CO[3])
                                                      0.100     5.753 r  frontend/queue/ram_ext/io_imem_req_valid_INST_0_i_42/CO[3]
                         net (fo=1, unplaced)         0.000     5.753    frontend/queue/ram_ext/io_imem_req_valid_INST_0_i_42_n_0
                         CARRY4 (Prop_carry4_CI_CO[2])
                                                      0.211     5.964 f  frontend/queue/ram_ext/io_imem_req_valid_INST_0_i_21/CO[2]
                         net (fo=1, unplaced)         0.349     6.313    frontend/queue/ram_ext/execute/data0
                         LUT5 (Prop_lut5_I4_O)        0.252     6.565 f  frontend/queue/ram_ext/io_imem_req_valid_INST_0_i_9/O
                         net (fo=1, unplaced)         0.328     6.893    frontend/queue/ram_ext/io_imem_req_valid_INST_0_i_9_n_0
                         LUT6 (Prop_lut6_I0_O)        0.105     6.998 r  frontend/queue/ram_ext/io_imem_req_valid_INST_0_i_6/O
                         net (fo=1, unplaced)         0.347     7.345    frontend/queue/ram_ext/io_imem_req_valid_INST_0_i_6_n_0
                         LUT4 (Prop_lut4_I3_O)        0.105     7.450 f  frontend/queue/ram_ext/io_imem_req_valid_INST_0_i_2/O
                         net (fo=2, unplaced)         0.358     7.808    frontend/queue/ram_ext/p_18_in
                         LUT5 (Prop_lut5_I1_O)        0.105     7.913 f  frontend/queue/ram_ext/io_imem_req_valid_INST_0_i_1/O
                         net (fo=51, unplaced)        0.430     8.343    redirectValid
                         LUT5 (Prop_lut5_I1_O)        0.105     8.448 f  haltedReg_i_2/O
                         net (fo=6, unplaced)         0.379     8.827    frontend/queue/_control_io_action[0]
                         LUT6 (Prop_lut6_I5_O)        0.105     8.932 r  frontend/queue/ifId_fetchError_i_1/O
                         net (fo=74, unplaced)        0.458     9.390    frontend_n_11
                         FDRE                                         r  ifId_fetchError_reg/CE
  -------------------------------------------------------------------    -------------------

                         (clock core_clock rise edge)
                                                     10.000    10.000 r  
                                                      0.000    10.000 r  clock (IN)
                         net (fo=1685, unset)         0.748    10.748    clock
                         FDRE                                         r  ifId_fetchError_reg/C
                         clock pessimism              0.000    10.748    
                         clock uncertainty           -0.035    10.712    
                         FDRE (Setup_fdre_C_CE)      -0.165    10.547    ifId_fetchError_reg
  -------------------------------------------------------------------
                         required time                         10.547    
                         arrival time                          -9.390    
  -------------------------------------------------------------------
                         slack                                  1.157    

Slack (MET) :             1.157ns  (required time - arrival time)
  Source:                 idEx_rs1_reg[2]/C
                            (rising edge-triggered cell FDRE clocked by core_clock  {rise@0.000ns fall@5.000ns period=10.000ns})
  Destination:            ifId_inst_reg[0]/CE
                            (rising edge-triggered cell FDRE clocked by core_clock  {rise@0.000ns fall@5.000ns period=10.000ns})
  Path Group:             core_clock
  Path Type:              Setup (Max at Slow Process Corner)
  Requirement:            10.000ns  (core_clock rise@10.000ns - core_clock rise@0.000ns)
  Data Path Delay:        8.603ns  (logic 2.581ns (30.001%)  route 6.022ns (69.999%))
  Logic Levels:           14  (CARRY4=3 LUT4=2 LUT5=4 LUT6=5)
  Clock Path Skew:        -0.039ns (DCD - SCD + CPR)
    Destination Clock Delay (DCD):    0.748ns = ( 10.748 - 10.000 ) 
    Source Clock Delay      (SCD):    0.787ns
    Clock Pessimism Removal (CPR):    0.000ns
  Clock Uncertainty:      0.035ns  ((TSJ^2 + TIJ^2)^1/2 + DJ) / 2 + PE
    Total System Jitter     (TSJ):    0.071ns
    Total Input Jitter      (TIJ):    0.000ns
    Discrete Jitter          (DJ):    0.000ns
    Phase Error              (PE):    0.000ns

    Location             Delay type                Incr(ns)  Path(ns)    Netlist Resource(s)
  -------------------------------------------------------------------    -------------------
                         (clock core_clock rise edge)
                                                      0.000     0.000 r  
                                                      0.000     0.000 r  clock (IN)
                         net (fo=1685, unset)         0.787     0.787    clock
                         FDRE                                         r  idEx_rs1_reg[2]/C
  -------------------------------------------------------------------    -------------------
                         FDRE (Prop_fdre_C_Q)         0.397     1.184 r  idEx_rs1_reg[2]/Q
                         net (fo=3, unplaced)         0.617     1.801    frontend/queue/ram_ext/D[2]
                         LUT4 (Prop_lut4_I1_O)        0.232     2.033 r  frontend/queue/ram_ext/io_imem_req_valid_INST_0_i_64/O
                         net (fo=1, unplaced)         0.807     2.840    frontend/queue/ram_ext/io_imem_req_valid_INST_0_i_64_n_0
                         LUT5 (Prop_lut5_I0_O)        0.105     2.945 f  frontend/queue/ram_ext/io_imem_req_valid_INST_0_i_24/O
                         net (fo=127, unplaced)       0.453     3.398    frontend/queue/ram_ext/exMem_rd_reg[2]
                         LUT6 (Prop_lut6_I5_O)        0.105     3.503 r  frontend/queue/ram_ext/io_imem_req_valid_INST_0_i_25/O
                         net (fo=31, unplaced)        0.652     4.155    frontend/queue/ram_ext/io_imem_req_valid_INST_0_i_25_n_0
                         LUT6 (Prop_lut6_I1_O)        0.105     4.260 r  frontend/queue/ram_ext/io_imem_req_valid_INST_0_i_11/O
                         net (fo=16, unplaced)        0.836     5.096    frontend/queue/ram_ext/memWb_writeData_reg[3]
                         LUT6 (Prop_lut6_I0_O)        0.105     5.201 r  frontend/queue/ram_ext/io_imem_req_valid_INST_0_i_121/O
                         net (fo=1, unplaced)         0.000     5.201    frontend/queue/ram_ext/io_imem_req_valid_INST_0_i_121_n_0
                         CARRY4 (Prop_carry4_S[1]_CO[3])
                                                      0.444     5.645 r  frontend/queue/ram_ext/io_imem_req_valid_INST_0_i_83/CO[3]
                         net (fo=1, unplaced)         0.008     5.653    frontend/queue/ram_ext/io_imem_req_valid_INST_0_i_83_n_0
                         CARRY4 (Prop_carry4_CI_CO[3])
                                                      0.100     5.753 r  frontend/queue/ram_ext/io_imem_req_valid_INST_0_i_42/CO[3]
                         net (fo=1, unplaced)         0.000     5.753    frontend/queue/ram_ext/io_imem_req_valid_INST_0_i_42_n_0
                         CARRY4 (Prop_carry4_CI_CO[2])
                                                      0.211     5.964 f  frontend/queue/ram_ext/io_imem_req_valid_INST_0_i_21/CO[2]
                         net (fo=1, unplaced)         0.349     6.313    frontend/queue/ram_ext/execute/data0
                         LUT5 (Prop_lut5_I4_O)        0.252     6.565 f  frontend/queue/ram_ext/io_imem_req_valid_INST_0_i_9/O
                         net (fo=1, unplaced)         0.328     6.893    frontend/queue/ram_ext/io_imem_req_valid_INST_0_i_9_n_0
                         LUT6 (Prop_lut6_I0_O)        0.105     6.998 r  frontend/queue/ram_ext/io_imem_req_valid_INST_0_i_6/O
                         net (fo=1, unplaced)         0.347     7.345    frontend/queue/ram_ext/io_imem_req_valid_INST_0_i_6_n_0
                         LUT4 (Prop_lut4_I3_O)        0.105     7.450 f  frontend/queue/ram_ext/io_imem_req_valid_INST_0_i_2/O
                         net (fo=2, unplaced)         0.358     7.808    frontend/queue/ram_ext/p_18_in
                         LUT5 (Prop_lut5_I1_O)        0.105     7.913 f  frontend/queue/ram_ext/io_imem_req_valid_INST_0_i_1/O
                         net (fo=51, unplaced)        0.430     8.343    redirectValid
                         LUT5 (Prop_lut5_I1_O)        0.105     8.448 f  haltedReg_i_2/O
                         net (fo=6, unplaced)         0.379     8.827    frontend/queue/_control_io_action[0]
                         LUT6 (Prop_lut6_I5_O)        0.105     8.932 r  frontend/queue/ifId_fetchError_i_1/O
                         net (fo=74, unplaced)        0.458     9.390    frontend_n_11
                         FDRE                                         r  ifId_inst_reg[0]/CE
  -------------------------------------------------------------------    -------------------

                         (clock core_clock rise edge)
                                                     10.000    10.000 r  
                                                      0.000    10.000 r  clock (IN)
                         net (fo=1685, unset)         0.748    10.748    clock
                         FDRE                                         r  ifId_inst_reg[0]/C
                         clock pessimism              0.000    10.748    
                         clock uncertainty           -0.035    10.712    
                         FDRE (Setup_fdre_C_CE)      -0.165    10.547    ifId_inst_reg[0]
  -------------------------------------------------------------------
                         required time                         10.547    
                         arrival time                          -9.390    
  -------------------------------------------------------------------
                         slack                                  1.157    

Slack (MET) :             1.157ns  (required time - arrival time)
  Source:                 idEx_rs1_reg[2]/C
                            (rising edge-triggered cell FDRE clocked by core_clock  {rise@0.000ns fall@5.000ns period=10.000ns})
  Destination:            ifId_inst_reg[10]/CE
                            (rising edge-triggered cell FDRE clocked by core_clock  {rise@0.000ns fall@5.000ns period=10.000ns})
  Path Group:             core_clock
  Path Type:              Setup (Max at Slow Process Corner)
  Requirement:            10.000ns  (core_clock rise@10.000ns - core_clock rise@0.000ns)
  Data Path Delay:        8.603ns  (logic 2.581ns (30.001%)  route 6.022ns (69.999%))
  Logic Levels:           14  (CARRY4=3 LUT4=2 LUT5=4 LUT6=5)
  Clock Path Skew:        -0.039ns (DCD - SCD + CPR)
    Destination Clock Delay (DCD):    0.748ns = ( 10.748 - 10.000 ) 
    Source Clock Delay      (SCD):    0.787ns
    Clock Pessimism Removal (CPR):    0.000ns
  Clock Uncertainty:      0.035ns  ((TSJ^2 + TIJ^2)^1/2 + DJ) / 2 + PE
    Total System Jitter     (TSJ):    0.071ns
    Total Input Jitter      (TIJ):    0.000ns
    Discrete Jitter          (DJ):    0.000ns
    Phase Error              (PE):    0.000ns

    Location             Delay type                Incr(ns)  Path(ns)    Netlist Resource(s)
  -------------------------------------------------------------------    -------------------
                         (clock core_clock rise edge)
                                                      0.000     0.000 r  
                                                      0.000     0.000 r  clock (IN)
                         net (fo=1685, unset)         0.787     0.787    clock
                         FDRE                                         r  idEx_rs1_reg[2]/C
  -------------------------------------------------------------------    -------------------
                         FDRE (Prop_fdre_C_Q)         0.397     1.184 r  idEx_rs1_reg[2]/Q
                         net (fo=3, unplaced)         0.617     1.801    frontend/queue/ram_ext/D[2]
                         LUT4 (Prop_lut4_I1_O)        0.232     2.033 r  frontend/queue/ram_ext/io_imem_req_valid_INST_0_i_64/O
                         net (fo=1, unplaced)         0.807     2.840    frontend/queue/ram_ext/io_imem_req_valid_INST_0_i_64_n_0
                         LUT5 (Prop_lut5_I0_O)        0.105     2.945 f  frontend/queue/ram_ext/io_imem_req_valid_INST_0_i_24/O
                         net (fo=127, unplaced)       0.453     3.398    frontend/queue/ram_ext/exMem_rd_reg[2]
                         LUT6 (Prop_lut6_I5_O)        0.105     3.503 r  frontend/queue/ram_ext/io_imem_req_valid_INST_0_i_25/O
                         net (fo=31, unplaced)        0.652     4.155    frontend/queue/ram_ext/io_imem_req_valid_INST_0_i_25_n_0
                         LUT6 (Prop_lut6_I1_O)        0.105     4.260 r  frontend/queue/ram_ext/io_imem_req_valid_INST_0_i_11/O
                         net (fo=16, unplaced)        0.836     5.096    frontend/queue/ram_ext/memWb_writeData_reg[3]
                         LUT6 (Prop_lut6_I0_O)        0.105     5.201 r  frontend/queue/ram_ext/io_imem_req_valid_INST_0_i_121/O
                         net (fo=1, unplaced)         0.000     5.201    frontend/queue/ram_ext/io_imem_req_valid_INST_0_i_121_n_0
                         CARRY4 (Prop_carry4_S[1]_CO[3])
                                                      0.444     5.645 r  frontend/queue/ram_ext/io_imem_req_valid_INST_0_i_83/CO[3]
                         net (fo=1, unplaced)         0.008     5.653    frontend/queue/ram_ext/io_imem_req_valid_INST_0_i_83_n_0
                         CARRY4 (Prop_carry4_CI_CO[3])
                                                      0.100     5.753 r  frontend/queue/ram_ext/io_imem_req_valid_INST_0_i_42/CO[3]
                         net (fo=1, unplaced)         0.000     5.753    frontend/queue/ram_ext/io_imem_req_valid_INST_0_i_42_n_0
                         CARRY4 (Prop_carry4_CI_CO[2])
                                                      0.211     5.964 f  frontend/queue/ram_ext/io_imem_req_valid_INST_0_i_21/CO[2]
                         net (fo=1, unplaced)         0.349     6.313    frontend/queue/ram_ext/execute/data0
                         LUT5 (Prop_lut5_I4_O)        0.252     6.565 f  frontend/queue/ram_ext/io_imem_req_valid_INST_0_i_9/O
                         net (fo=1, unplaced)         0.328     6.893    frontend/queue/ram_ext/io_imem_req_valid_INST_0_i_9_n_0
                         LUT6 (Prop_lut6_I0_O)        0.105     6.998 r  frontend/queue/ram_ext/io_imem_req_valid_INST_0_i_6/O
                         net (fo=1, unplaced)         0.347     7.345    frontend/queue/ram_ext/io_imem_req_valid_INST_0_i_6_n_0
                         LUT4 (Prop_lut4_I3_O)        0.105     7.450 f  frontend/queue/ram_ext/io_imem_req_valid_INST_0_i_2/O
                         net (fo=2, unplaced)         0.358     7.808    frontend/queue/ram_ext/p_18_in
                         LUT5 (Prop_lut5_I1_O)        0.105     7.913 f  frontend/queue/ram_ext/io_imem_req_valid_INST_0_i_1/O
                         net (fo=51, unplaced)        0.430     8.343    redirectValid
                         LUT5 (Prop_lut5_I1_O)        0.105     8.448 f  haltedReg_i_2/O
                         net (fo=6, unplaced)         0.379     8.827    frontend/queue/_control_io_action[0]
                         LUT6 (Prop_lut6_I5_O)        0.105     8.932 r  frontend/queue/ifId_fetchError_i_1/O
                         net (fo=74, unplaced)        0.458     9.390    frontend_n_11
                         FDRE                                         r  ifId_inst_reg[10]/CE
  -------------------------------------------------------------------    -------------------

                         (clock core_clock rise edge)
                                                     10.000    10.000 r  
                                                      0.000    10.000 r  clock (IN)
                         net (fo=1685, unset)         0.748    10.748    clock
                         FDRE                                         r  ifId_inst_reg[10]/C
                         clock pessimism              0.000    10.748    
                         clock uncertainty           -0.035    10.712    
                         FDRE (Setup_fdre_C_CE)      -0.165    10.547    ifId_inst_reg[10]
  -------------------------------------------------------------------
                         required time                         10.547    
                         arrival time                          -9.390    
  -------------------------------------------------------------------
                         slack                                  1.157    

Slack (MET) :             1.157ns  (required time - arrival time)
  Source:                 idEx_rs1_reg[2]/C
                            (rising edge-triggered cell FDRE clocked by core_clock  {rise@0.000ns fall@5.000ns period=10.000ns})
  Destination:            ifId_inst_reg[11]/CE
                            (rising edge-triggered cell FDRE clocked by core_clock  {rise@0.000ns fall@5.000ns period=10.000ns})
  Path Group:             core_clock
  Path Type:              Setup (Max at Slow Process Corner)
  Requirement:            10.000ns  (core_clock rise@10.000ns - core_clock rise@0.000ns)
  Data Path Delay:        8.603ns  (logic 2.581ns (30.001%)  route 6.022ns (69.999%))
  Logic Levels:           14  (CARRY4=3 LUT4=2 LUT5=4 LUT6=5)
  Clock Path Skew:        -0.039ns (DCD - SCD + CPR)
    Destination Clock Delay (DCD):    0.748ns = ( 10.748 - 10.000 ) 
    Source Clock Delay      (SCD):    0.787ns
    Clock Pessimism Removal (CPR):    0.000ns
  Clock Uncertainty:      0.035ns  ((TSJ^2 + TIJ^2)^1/2 + DJ) / 2 + PE
    Total System Jitter     (TSJ):    0.071ns
    Total Input Jitter      (TIJ):    0.000ns
    Discrete Jitter          (DJ):    0.000ns
    Phase Error              (PE):    0.000ns

    Location             Delay type                Incr(ns)  Path(ns)    Netlist Resource(s)
  -------------------------------------------------------------------    -------------------
                         (clock core_clock rise edge)
                                                      0.000     0.000 r  
                                                      0.000     0.000 r  clock (IN)
                         net (fo=1685, unset)         0.787     0.787    clock
                         FDRE                                         r  idEx_rs1_reg[2]/C
  -------------------------------------------------------------------    -------------------
                         FDRE (Prop_fdre_C_Q)         0.397     1.184 r  idEx_rs1_reg[2]/Q
                         net (fo=3, unplaced)         0.617     1.801    frontend/queue/ram_ext/D[2]
                         LUT4 (Prop_lut4_I1_O)        0.232     2.033 r  frontend/queue/ram_ext/io_imem_req_valid_INST_0_i_64/O
                         net (fo=1, unplaced)         0.807     2.840    frontend/queue/ram_ext/io_imem_req_valid_INST_0_i_64_n_0
                         LUT5 (Prop_lut5_I0_O)        0.105     2.945 f  frontend/queue/ram_ext/io_imem_req_valid_INST_0_i_24/O
                         net (fo=127, unplaced)       0.453     3.398    frontend/queue/ram_ext/exMem_rd_reg[2]
                         LUT6 (Prop_lut6_I5_O)        0.105     3.503 r  frontend/queue/ram_ext/io_imem_req_valid_INST_0_i_25/O
                         net (fo=31, unplaced)        0.652     4.155    frontend/queue/ram_ext/io_imem_req_valid_INST_0_i_25_n_0
                         LUT6 (Prop_lut6_I1_O)        0.105     4.260 r  frontend/queue/ram_ext/io_imem_req_valid_INST_0_i_11/O
                         net (fo=16, unplaced)        0.836     5.096    frontend/queue/ram_ext/memWb_writeData_reg[3]
                         LUT6 (Prop_lut6_I0_O)        0.105     5.201 r  frontend/queue/ram_ext/io_imem_req_valid_INST_0_i_121/O
                         net (fo=1, unplaced)         0.000     5.201    frontend/queue/ram_ext/io_imem_req_valid_INST_0_i_121_n_0
                         CARRY4 (Prop_carry4_S[1]_CO[3])
                                                      0.444     5.645 r  frontend/queue/ram_ext/io_imem_req_valid_INST_0_i_83/CO[3]
                         net (fo=1, unplaced)         0.008     5.653    frontend/queue/ram_ext/io_imem_req_valid_INST_0_i_83_n_0
                         CARRY4 (Prop_carry4_CI_CO[3])
                                                      0.100     5.753 r  frontend/queue/ram_ext/io_imem_req_valid_INST_0_i_42/CO[3]
                         net (fo=1, unplaced)         0.000     5.753    frontend/queue/ram_ext/io_imem_req_valid_INST_0_i_42_n_0
                         CARRY4 (Prop_carry4_CI_CO[2])
                                                      0.211     5.964 f  frontend/queue/ram_ext/io_imem_req_valid_INST_0_i_21/CO[2]
                         net (fo=1, unplaced)         0.349     6.313    frontend/queue/ram_ext/execute/data0
                         LUT5 (Prop_lut5_I4_O)        0.252     6.565 f  frontend/queue/ram_ext/io_imem_req_valid_INST_0_i_9/O
                         net (fo=1, unplaced)         0.328     6.893    frontend/queue/ram_ext/io_imem_req_valid_INST_0_i_9_n_0
                         LUT6 (Prop_lut6_I0_O)        0.105     6.998 r  frontend/queue/ram_ext/io_imem_req_valid_INST_0_i_6/O
                         net (fo=1, unplaced)         0.347     7.345    frontend/queue/ram_ext/io_imem_req_valid_INST_0_i_6_n_0
                         LUT4 (Prop_lut4_I3_O)        0.105     7.450 f  frontend/queue/ram_ext/io_imem_req_valid_INST_0_i_2/O
                         net (fo=2, unplaced)         0.358     7.808    frontend/queue/ram_ext/p_18_in
                         LUT5 (Prop_lut5_I1_O)        0.105     7.913 f  frontend/queue/ram_ext/io_imem_req_valid_INST_0_i_1/O
                         net (fo=51, unplaced)        0.430     8.343    redirectValid
                         LUT5 (Prop_lut5_I1_O)        0.105     8.448 f  haltedReg_i_2/O
                         net (fo=6, unplaced)         0.379     8.827    frontend/queue/_control_io_action[0]
                         LUT6 (Prop_lut6_I5_O)        0.105     8.932 r  frontend/queue/ifId_fetchError_i_1/O
                         net (fo=74, unplaced)        0.458     9.390    frontend_n_11
                         FDRE                                         r  ifId_inst_reg[11]/CE
  -------------------------------------------------------------------    -------------------

                         (clock core_clock rise edge)
                                                     10.000    10.000 r  
                                                      0.000    10.000 r  clock (IN)
                         net (fo=1685, unset)         0.748    10.748    clock
                         FDRE                                         r  ifId_inst_reg[11]/C
                         clock pessimism              0.000    10.748    
                         clock uncertainty           -0.035    10.712    
                         FDRE (Setup_fdre_C_CE)      -0.165    10.547    ifId_inst_reg[11]
  -------------------------------------------------------------------
                         required time                         10.547    
                         arrival time                          -9.390    
  -------------------------------------------------------------------
                         slack                                  1.157    

Slack (MET) :             1.157ns  (required time - arrival time)
  Source:                 idEx_rs1_reg[2]/C
                            (rising edge-triggered cell FDRE clocked by core_clock  {rise@0.000ns fall@5.000ns period=10.000ns})
  Destination:            ifId_inst_reg[12]/CE
                            (rising edge-triggered cell FDRE clocked by core_clock  {rise@0.000ns fall@5.000ns period=10.000ns})
  Path Group:             core_clock
  Path Type:              Setup (Max at Slow Process Corner)
  Requirement:            10.000ns  (core_clock rise@10.000ns - core_clock rise@0.000ns)
  Data Path Delay:        8.603ns  (logic 2.581ns (30.001%)  route 6.022ns (69.999%))
  Logic Levels:           14  (CARRY4=3 LUT4=2 LUT5=4 LUT6=5)
  Clock Path Skew:        -0.039ns (DCD - SCD + CPR)
    Destination Clock Delay (DCD):    0.748ns = ( 10.748 - 10.000 ) 
    Source Clock Delay      (SCD):    0.787ns
    Clock Pessimism Removal (CPR):    0.000ns
  Clock Uncertainty:      0.035ns  ((TSJ^2 + TIJ^2)^1/2 + DJ) / 2 + PE
    Total System Jitter     (TSJ):    0.071ns
    Total Input Jitter      (TIJ):    0.000ns
    Discrete Jitter          (DJ):    0.000ns
    Phase Error              (PE):    0.000ns

    Location             Delay type                Incr(ns)  Path(ns)    Netlist Resource(s)
  -------------------------------------------------------------------    -------------------
                         (clock core_clock rise edge)
                                                      0.000     0.000 r  
                                                      0.000     0.000 r  clock (IN)
                         net (fo=1685, unset)         0.787     0.787    clock
                         FDRE                                         r  idEx_rs1_reg[2]/C
  -------------------------------------------------------------------    -------------------
                         FDRE (Prop_fdre_C_Q)         0.397     1.184 r  idEx_rs1_reg[2]/Q
                         net (fo=3, unplaced)         0.617     1.801    frontend/queue/ram_ext/D[2]
                         LUT4 (Prop_lut4_I1_O)        0.232     2.033 r  frontend/queue/ram_ext/io_imem_req_valid_INST_0_i_64/O
                         net (fo=1, unplaced)         0.807     2.840    frontend/queue/ram_ext/io_imem_req_valid_INST_0_i_64_n_0
                         LUT5 (Prop_lut5_I0_O)        0.105     2.945 f  frontend/queue/ram_ext/io_imem_req_valid_INST_0_i_24/O
                         net (fo=127, unplaced)       0.453     3.398    frontend/queue/ram_ext/exMem_rd_reg[2]
                         LUT6 (Prop_lut6_I5_O)        0.105     3.503 r  frontend/queue/ram_ext/io_imem_req_valid_INST_0_i_25/O
                         net (fo=31, unplaced)        0.652     4.155    frontend/queue/ram_ext/io_imem_req_valid_INST_0_i_25_n_0
                         LUT6 (Prop_lut6_I1_O)        0.105     4.260 r  frontend/queue/ram_ext/io_imem_req_valid_INST_0_i_11/O
                         net (fo=16, unplaced)        0.836     5.096    frontend/queue/ram_ext/memWb_writeData_reg[3]
                         LUT6 (Prop_lut6_I0_O)        0.105     5.201 r  frontend/queue/ram_ext/io_imem_req_valid_INST_0_i_121/O
                         net (fo=1, unplaced)         0.000     5.201    frontend/queue/ram_ext/io_imem_req_valid_INST_0_i_121_n_0
                         CARRY4 (Prop_carry4_S[1]_CO[3])
                                                      0.444     5.645 r  frontend/queue/ram_ext/io_imem_req_valid_INST_0_i_83/CO[3]
                         net (fo=1, unplaced)         0.008     5.653    frontend/queue/ram_ext/io_imem_req_valid_INST_0_i_83_n_0
                         CARRY4 (Prop_carry4_CI_CO[3])
                                                      0.100     5.753 r  frontend/queue/ram_ext/io_imem_req_valid_INST_0_i_42/CO[3]
                         net (fo=1, unplaced)         0.000     5.753    frontend/queue/ram_ext/io_imem_req_valid_INST_0_i_42_n_0
                         CARRY4 (Prop_carry4_CI_CO[2])
                                                      0.211     5.964 f  frontend/queue/ram_ext/io_imem_req_valid_INST_0_i_21/CO[2]
                         net (fo=1, unplaced)         0.349     6.313    frontend/queue/ram_ext/execute/data0
                         LUT5 (Prop_lut5_I4_O)        0.252     6.565 f  frontend/queue/ram_ext/io_imem_req_valid_INST_0_i_9/O
                         net (fo=1, unplaced)         0.328     6.893    frontend/queue/ram_ext/io_imem_req_valid_INST_0_i_9_n_0
                         LUT6 (Prop_lut6_I0_O)        0.105     6.998 r  frontend/queue/ram_ext/io_imem_req_valid_INST_0_i_6/O
                         net (fo=1, unplaced)         0.347     7.345    frontend/queue/ram_ext/io_imem_req_valid_INST_0_i_6_n_0
                         LUT4 (Prop_lut4_I3_O)        0.105     7.450 f  frontend/queue/ram_ext/io_imem_req_valid_INST_0_i_2/O
                         net (fo=2, unplaced)         0.358     7.808    frontend/queue/ram_ext/p_18_in
                         LUT5 (Prop_lut5_I1_O)        0.105     7.913 f  frontend/queue/ram_ext/io_imem_req_valid_INST_0_i_1/O
                         net (fo=51, unplaced)        0.430     8.343    redirectValid
                         LUT5 (Prop_lut5_I1_O)        0.105     8.448 f  haltedReg_i_2/O
                         net (fo=6, unplaced)         0.379     8.827    frontend/queue/_control_io_action[0]
                         LUT6 (Prop_lut6_I5_O)        0.105     8.932 r  frontend/queue/ifId_fetchError_i_1/O
                         net (fo=74, unplaced)        0.458     9.390    frontend_n_11
                         FDRE                                         r  ifId_inst_reg[12]/CE
  -------------------------------------------------------------------    -------------------

                         (clock core_clock rise edge)
                                                     10.000    10.000 r  
                                                      0.000    10.000 r  clock (IN)
                         net (fo=1685, unset)         0.748    10.748    clock
                         FDRE                                         r  ifId_inst_reg[12]/C
                         clock pessimism              0.000    10.748    
                         clock uncertainty           -0.035    10.712    
                         FDRE (Setup_fdre_C_CE)      -0.165    10.547    ifId_inst_reg[12]
  -------------------------------------------------------------------
                         required time                         10.547    
                         arrival time                          -9.390    
  -------------------------------------------------------------------
                         slack                                  1.157    

Slack (MET) :             1.157ns  (required time - arrival time)
  Source:                 idEx_rs1_reg[2]/C
                            (rising edge-triggered cell FDRE clocked by core_clock  {rise@0.000ns fall@5.000ns period=10.000ns})
  Destination:            ifId_inst_reg[13]/CE
                            (rising edge-triggered cell FDRE clocked by core_clock  {rise@0.000ns fall@5.000ns period=10.000ns})
  Path Group:             core_clock
  Path Type:              Setup (Max at Slow Process Corner)
  Requirement:            10.000ns  (core_clock rise@10.000ns - core_clock rise@0.000ns)
  Data Path Delay:        8.603ns  (logic 2.581ns (30.001%)  route 6.022ns (69.999%))
  Logic Levels:           14  (CARRY4=3 LUT4=2 LUT5=4 LUT6=5)
  Clock Path Skew:        -0.039ns (DCD - SCD + CPR)
    Destination Clock Delay (DCD):    0.748ns = ( 10.748 - 10.000 ) 
    Source Clock Delay      (SCD):    0.787ns
    Clock Pessimism Removal (CPR):    0.000ns
  Clock Uncertainty:      0.035ns  ((TSJ^2 + TIJ^2)^1/2 + DJ) / 2 + PE
    Total System Jitter     (TSJ):    0.071ns
    Total Input Jitter      (TIJ):    0.000ns
    Discrete Jitter          (DJ):    0.000ns
    Phase Error              (PE):    0.000ns

    Location             Delay type                Incr(ns)  Path(ns)    Netlist Resource(s)
  -------------------------------------------------------------------    -------------------
                         (clock core_clock rise edge)
                                                      0.000     0.000 r  
                                                      0.000     0.000 r  clock (IN)
                         net (fo=1685, unset)         0.787     0.787    clock
                         FDRE                                         r  idEx_rs1_reg[2]/C
  -------------------------------------------------------------------    -------------------
                         FDRE (Prop_fdre_C_Q)         0.397     1.184 r  idEx_rs1_reg[2]/Q
                         net (fo=3, unplaced)         0.617     1.801    frontend/queue/ram_ext/D[2]
                         LUT4 (Prop_lut4_I1_O)        0.232     2.033 r  frontend/queue/ram_ext/io_imem_req_valid_INST_0_i_64/O
                         net (fo=1, unplaced)         0.807     2.840    frontend/queue/ram_ext/io_imem_req_valid_INST_0_i_64_n_0
                         LUT5 (Prop_lut5_I0_O)        0.105     2.945 f  frontend/queue/ram_ext/io_imem_req_valid_INST_0_i_24/O
                         net (fo=127, unplaced)       0.453     3.398    frontend/queue/ram_ext/exMem_rd_reg[2]
                         LUT6 (Prop_lut6_I5_O)        0.105     3.503 r  frontend/queue/ram_ext/io_imem_req_valid_INST_0_i_25/O
                         net (fo=31, unplaced)        0.652     4.155    frontend/queue/ram_ext/io_imem_req_valid_INST_0_i_25_n_0
                         LUT6 (Prop_lut6_I1_O)        0.105     4.260 r  frontend/queue/ram_ext/io_imem_req_valid_INST_0_i_11/O
                         net (fo=16, unplaced)        0.836     5.096    frontend/queue/ram_ext/memWb_writeData_reg[3]
                         LUT6 (Prop_lut6_I0_O)        0.105     5.201 r  frontend/queue/ram_ext/io_imem_req_valid_INST_0_i_121/O
                         net (fo=1, unplaced)         0.000     5.201    frontend/queue/ram_ext/io_imem_req_valid_INST_0_i_121_n_0
                         CARRY4 (Prop_carry4_S[1]_CO[3])
                                                      0.444     5.645 r  frontend/queue/ram_ext/io_imem_req_valid_INST_0_i_83/CO[3]
                         net (fo=1, unplaced)         0.008     5.653    frontend/queue/ram_ext/io_imem_req_valid_INST_0_i_83_n_0
                         CARRY4 (Prop_carry4_CI_CO[3])
                                                      0.100     5.753 r  frontend/queue/ram_ext/io_imem_req_valid_INST_0_i_42/CO[3]
                         net (fo=1, unplaced)         0.000     5.753    frontend/queue/ram_ext/io_imem_req_valid_INST_0_i_42_n_0
                         CARRY4 (Prop_carry4_CI_CO[2])
                                                      0.211     5.964 f  frontend/queue/ram_ext/io_imem_req_valid_INST_0_i_21/CO[2]
                         net (fo=1, unplaced)         0.349     6.313    frontend/queue/ram_ext/execute/data0
                         LUT5 (Prop_lut5_I4_O)        0.252     6.565 f  frontend/queue/ram_ext/io_imem_req_valid_INST_0_i_9/O
                         net (fo=1, unplaced)         0.328     6.893    frontend/queue/ram_ext/io_imem_req_valid_INST_0_i_9_n_0
                         LUT6 (Prop_lut6_I0_O)        0.105     6.998 r  frontend/queue/ram_ext/io_imem_req_valid_INST_0_i_6/O
                         net (fo=1, unplaced)         0.347     7.345    frontend/queue/ram_ext/io_imem_req_valid_INST_0_i_6_n_0
                         LUT4 (Prop_lut4_I3_O)        0.105     7.450 f  frontend/queue/ram_ext/io_imem_req_valid_INST_0_i_2/O
                         net (fo=2, unplaced)         0.358     7.808    frontend/queue/ram_ext/p_18_in
                         LUT5 (Prop_lut5_I1_O)        0.105     7.913 f  frontend/queue/ram_ext/io_imem_req_valid_INST_0_i_1/O
                         net (fo=51, unplaced)        0.430     8.343    redirectValid
                         LUT5 (Prop_lut5_I1_O)        0.105     8.448 f  haltedReg_i_2/O
                         net (fo=6, unplaced)         0.379     8.827    frontend/queue/_control_io_action[0]
                         LUT6 (Prop_lut6_I5_O)        0.105     8.932 r  frontend/queue/ifId_fetchError_i_1/O
                         net (fo=74, unplaced)        0.458     9.390    frontend_n_11
                         FDRE                                         r  ifId_inst_reg[13]/CE
  -------------------------------------------------------------------    -------------------

                         (clock core_clock rise edge)
                                                     10.000    10.000 r  
                                                      0.000    10.000 r  clock (IN)
                         net (fo=1685, unset)         0.748    10.748    clock
                         FDRE                                         r  ifId_inst_reg[13]/C
                         clock pessimism              0.000    10.748    
                         clock uncertainty           -0.035    10.712    
                         FDRE (Setup_fdre_C_CE)      -0.165    10.547    ifId_inst_reg[13]
  -------------------------------------------------------------------
                         required time                         10.547    
                         arrival time                          -9.390    
  -------------------------------------------------------------------
                         slack                                  1.157    

Slack (MET) :             1.157ns  (required time - arrival time)
  Source:                 idEx_rs1_reg[2]/C
                            (rising edge-triggered cell FDRE clocked by core_clock  {rise@0.000ns fall@5.000ns period=10.000ns})
  Destination:            ifId_inst_reg[14]/CE
                            (rising edge-triggered cell FDRE clocked by core_clock  {rise@0.000ns fall@5.000ns period=10.000ns})
  Path Group:             core_clock
  Path Type:              Setup (Max at Slow Process Corner)
  Requirement:            10.000ns  (core_clock rise@10.000ns - core_clock rise@0.000ns)
  Data Path Delay:        8.603ns  (logic 2.581ns (30.001%)  route 6.022ns (69.999%))
  Logic Levels:           14  (CARRY4=3 LUT4=2 LUT5=4 LUT6=5)
  Clock Path Skew:        -0.039ns (DCD - SCD + CPR)
    Destination Clock Delay (DCD):    0.748ns = ( 10.748 - 10.000 ) 
    Source Clock Delay      (SCD):    0.787ns
    Clock Pessimism Removal (CPR):    0.000ns
  Clock Uncertainty:      0.035ns  ((TSJ^2 + TIJ^2)^1/2 + DJ) / 2 + PE
    Total System Jitter     (TSJ):    0.071ns
    Total Input Jitter      (TIJ):    0.000ns
    Discrete Jitter          (DJ):    0.000ns
    Phase Error              (PE):    0.000ns

    Location             Delay type                Incr(ns)  Path(ns)    Netlist Resource(s)
  -------------------------------------------------------------------    -------------------
                         (clock core_clock rise edge)
                                                      0.000     0.000 r  
                                                      0.000     0.000 r  clock (IN)
                         net (fo=1685, unset)         0.787     0.787    clock
                         FDRE                                         r  idEx_rs1_reg[2]/C
  -------------------------------------------------------------------    -------------------
                         FDRE (Prop_fdre_C_Q)         0.397     1.184 r  idEx_rs1_reg[2]/Q
                         net (fo=3, unplaced)         0.617     1.801    frontend/queue/ram_ext/D[2]
                         LUT4 (Prop_lut4_I1_O)        0.232     2.033 r  frontend/queue/ram_ext/io_imem_req_valid_INST_0_i_64/O
                         net (fo=1, unplaced)         0.807     2.840    frontend/queue/ram_ext/io_imem_req_valid_INST_0_i_64_n_0
                         LUT5 (Prop_lut5_I0_O)        0.105     2.945 f  frontend/queue/ram_ext/io_imem_req_valid_INST_0_i_24/O
                         net (fo=127, unplaced)       0.453     3.398    frontend/queue/ram_ext/exMem_rd_reg[2]
                         LUT6 (Prop_lut6_I5_O)        0.105     3.503 r  frontend/queue/ram_ext/io_imem_req_valid_INST_0_i_25/O
                         net (fo=31, unplaced)        0.652     4.155    frontend/queue/ram_ext/io_imem_req_valid_INST_0_i_25_n_0
                         LUT6 (Prop_lut6_I1_O)        0.105     4.260 r  frontend/queue/ram_ext/io_imem_req_valid_INST_0_i_11/O
                         net (fo=16, unplaced)        0.836     5.096    frontend/queue/ram_ext/memWb_writeData_reg[3]
                         LUT6 (Prop_lut6_I0_O)        0.105     5.201 r  frontend/queue/ram_ext/io_imem_req_valid_INST_0_i_121/O
                         net (fo=1, unplaced)         0.000     5.201    frontend/queue/ram_ext/io_imem_req_valid_INST_0_i_121_n_0
                         CARRY4 (Prop_carry4_S[1]_CO[3])
                                                      0.444     5.645 r  frontend/queue/ram_ext/io_imem_req_valid_INST_0_i_83/CO[3]
                         net (fo=1, unplaced)         0.008     5.653    frontend/queue/ram_ext/io_imem_req_valid_INST_0_i_83_n_0
                         CARRY4 (Prop_carry4_CI_CO[3])
                                                      0.100     5.753 r  frontend/queue/ram_ext/io_imem_req_valid_INST_0_i_42/CO[3]
                         net (fo=1, unplaced)         0.000     5.753    frontend/queue/ram_ext/io_imem_req_valid_INST_0_i_42_n_0
                         CARRY4 (Prop_carry4_CI_CO[2])
                                                      0.211     5.964 f  frontend/queue/ram_ext/io_imem_req_valid_INST_0_i_21/CO[2]
                         net (fo=1, unplaced)         0.349     6.313    frontend/queue/ram_ext/execute/data0
                         LUT5 (Prop_lut5_I4_O)        0.252     6.565 f  frontend/queue/ram_ext/io_imem_req_valid_INST_0_i_9/O
                         net (fo=1, unplaced)         0.328     6.893    frontend/queue/ram_ext/io_imem_req_valid_INST_0_i_9_n_0
                         LUT6 (Prop_lut6_I0_O)        0.105     6.998 r  frontend/queue/ram_ext/io_imem_req_valid_INST_0_i_6/O
                         net (fo=1, unplaced)         0.347     7.345    frontend/queue/ram_ext/io_imem_req_valid_INST_0_i_6_n_0
                         LUT4 (Prop_lut4_I3_O)        0.105     7.450 f  frontend/queue/ram_ext/io_imem_req_valid_INST_0_i_2/O
                         net (fo=2, unplaced)         0.358     7.808    frontend/queue/ram_ext/p_18_in
                         LUT5 (Prop_lut5_I1_O)        0.105     7.913 f  frontend/queue/ram_ext/io_imem_req_valid_INST_0_i_1/O
                         net (fo=51, unplaced)        0.430     8.343    redirectValid
                         LUT5 (Prop_lut5_I1_O)        0.105     8.448 f  haltedReg_i_2/O
                         net (fo=6, unplaced)         0.379     8.827    frontend/queue/_control_io_action[0]
                         LUT6 (Prop_lut6_I5_O)        0.105     8.932 r  frontend/queue/ifId_fetchError_i_1/O
                         net (fo=74, unplaced)        0.458     9.390    frontend_n_11
                         FDRE                                         r  ifId_inst_reg[14]/CE
  -------------------------------------------------------------------    -------------------

                         (clock core_clock rise edge)
                                                     10.000    10.000 r  
                                                      0.000    10.000 r  clock (IN)
                         net (fo=1685, unset)         0.748    10.748    clock
                         FDRE                                         r  ifId_inst_reg[14]/C
                         clock pessimism              0.000    10.748    
                         clock uncertainty           -0.035    10.712    
                         FDRE (Setup_fdre_C_CE)      -0.165    10.547    ifId_inst_reg[14]
  -------------------------------------------------------------------
                         required time                         10.547    
                         arrival time                          -9.390    
  -------------------------------------------------------------------
                         slack                                  1.157    

Slack (MET) :             1.157ns  (required time - arrival time)
  Source:                 idEx_rs1_reg[2]/C
                            (rising edge-triggered cell FDRE clocked by core_clock  {rise@0.000ns fall@5.000ns period=10.000ns})
  Destination:            ifId_inst_reg[15]/CE
                            (rising edge-triggered cell FDRE clocked by core_clock  {rise@0.000ns fall@5.000ns period=10.000ns})
  Path Group:             core_clock
  Path Type:              Setup (Max at Slow Process Corner)
  Requirement:            10.000ns  (core_clock rise@10.000ns - core_clock rise@0.000ns)
  Data Path Delay:        8.603ns  (logic 2.581ns (30.001%)  route 6.022ns (69.999%))
  Logic Levels:           14  (CARRY4=3 LUT4=2 LUT5=4 LUT6=5)
  Clock Path Skew:        -0.039ns (DCD - SCD + CPR)
    Destination Clock Delay (DCD):    0.748ns = ( 10.748 - 10.000 ) 
    Source Clock Delay      (SCD):    0.787ns
    Clock Pessimism Removal (CPR):    0.000ns
  Clock Uncertainty:      0.035ns  ((TSJ^2 + TIJ^2)^1/2 + DJ) / 2 + PE
    Total System Jitter     (TSJ):    0.071ns
    Total Input Jitter      (TIJ):    0.000ns
    Discrete Jitter          (DJ):    0.000ns
    Phase Error              (PE):    0.000ns

    Location             Delay type                Incr(ns)  Path(ns)    Netlist Resource(s)
  -------------------------------------------------------------------    -------------------
                         (clock core_clock rise edge)
                                                      0.000     0.000 r  
                                                      0.000     0.000 r  clock (IN)
                         net (fo=1685, unset)         0.787     0.787    clock
                         FDRE                                         r  idEx_rs1_reg[2]/C
  -------------------------------------------------------------------    -------------------
                         FDRE (Prop_fdre_C_Q)         0.397     1.184 r  idEx_rs1_reg[2]/Q
                         net (fo=3, unplaced)         0.617     1.801    frontend/queue/ram_ext/D[2]
                         LUT4 (Prop_lut4_I1_O)        0.232     2.033 r  frontend/queue/ram_ext/io_imem_req_valid_INST_0_i_64/O
                         net (fo=1, unplaced)         0.807     2.840    frontend/queue/ram_ext/io_imem_req_valid_INST_0_i_64_n_0
                         LUT5 (Prop_lut5_I0_O)        0.105     2.945 f  frontend/queue/ram_ext/io_imem_req_valid_INST_0_i_24/O
                         net (fo=127, unplaced)       0.453     3.398    frontend/queue/ram_ext/exMem_rd_reg[2]
                         LUT6 (Prop_lut6_I5_O)        0.105     3.503 r  frontend/queue/ram_ext/io_imem_req_valid_INST_0_i_25/O
                         net (fo=31, unplaced)        0.652     4.155    frontend/queue/ram_ext/io_imem_req_valid_INST_0_i_25_n_0
                         LUT6 (Prop_lut6_I1_O)        0.105     4.260 r  frontend/queue/ram_ext/io_imem_req_valid_INST_0_i_11/O
                         net (fo=16, unplaced)        0.836     5.096    frontend/queue/ram_ext/memWb_writeData_reg[3]
                         LUT6 (Prop_lut6_I0_O)        0.105     5.201 r  frontend/queue/ram_ext/io_imem_req_valid_INST_0_i_121/O
                         net (fo=1, unplaced)         0.000     5.201    frontend/queue/ram_ext/io_imem_req_valid_INST_0_i_121_n_0
                         CARRY4 (Prop_carry4_S[1]_CO[3])
                                                      0.444     5.645 r  frontend/queue/ram_ext/io_imem_req_valid_INST_0_i_83/CO[3]
                         net (fo=1, unplaced)         0.008     5.653    frontend/queue/ram_ext/io_imem_req_valid_INST_0_i_83_n_0
                         CARRY4 (Prop_carry4_CI_CO[3])
                                                      0.100     5.753 r  frontend/queue/ram_ext/io_imem_req_valid_INST_0_i_42/CO[3]
                         net (fo=1, unplaced)         0.000     5.753    frontend/queue/ram_ext/io_imem_req_valid_INST_0_i_42_n_0
                         CARRY4 (Prop_carry4_CI_CO[2])
                                                      0.211     5.964 f  frontend/queue/ram_ext/io_imem_req_valid_INST_0_i_21/CO[2]
                         net (fo=1, unplaced)         0.349     6.313    frontend/queue/ram_ext/execute/data0
                         LUT5 (Prop_lut5_I4_O)        0.252     6.565 f  frontend/queue/ram_ext/io_imem_req_valid_INST_0_i_9/O
                         net (fo=1, unplaced)         0.328     6.893    frontend/queue/ram_ext/io_imem_req_valid_INST_0_i_9_n_0
                         LUT6 (Prop_lut6_I0_O)        0.105     6.998 r  frontend/queue/ram_ext/io_imem_req_valid_INST_0_i_6/O
                         net (fo=1, unplaced)         0.347     7.345    frontend/queue/ram_ext/io_imem_req_valid_INST_0_i_6_n_0
                         LUT4 (Prop_lut4_I3_O)        0.105     7.450 f  frontend/queue/ram_ext/io_imem_req_valid_INST_0_i_2/O
                         net (fo=2, unplaced)         0.358     7.808    frontend/queue/ram_ext/p_18_in
                         LUT5 (Prop_lut5_I1_O)        0.105     7.913 f  frontend/queue/ram_ext/io_imem_req_valid_INST_0_i_1/O
                         net (fo=51, unplaced)        0.430     8.343    redirectValid
                         LUT5 (Prop_lut5_I1_O)        0.105     8.448 f  haltedReg_i_2/O
                         net (fo=6, unplaced)         0.379     8.827    frontend/queue/_control_io_action[0]
                         LUT6 (Prop_lut6_I5_O)        0.105     8.932 r  frontend/queue/ifId_fetchError_i_1/O
                         net (fo=74, unplaced)        0.458     9.390    frontend_n_11
                         FDRE                                         r  ifId_inst_reg[15]/CE
  -------------------------------------------------------------------    -------------------

                         (clock core_clock rise edge)
                                                     10.000    10.000 r  
                                                      0.000    10.000 r  clock (IN)
                         net (fo=1685, unset)         0.748    10.748    clock
                         FDRE                                         r  ifId_inst_reg[15]/C
                         clock pessimism              0.000    10.748    
                         clock uncertainty           -0.035    10.712    
                         FDRE (Setup_fdre_C_CE)      -0.165    10.547    ifId_inst_reg[15]
  -------------------------------------------------------------------
                         required time                         10.547    
                         arrival time                          -9.390    
  -------------------------------------------------------------------
                         slack                                  1.157    

Slack (MET) :             1.157ns  (required time - arrival time)
  Source:                 idEx_rs1_reg[2]/C
                            (rising edge-triggered cell FDRE clocked by core_clock  {rise@0.000ns fall@5.000ns period=10.000ns})
  Destination:            ifId_inst_reg[15]_rep/CE
                            (rising edge-triggered cell FDRE clocked by core_clock  {rise@0.000ns fall@5.000ns period=10.000ns})
  Path Group:             core_clock
  Path Type:              Setup (Max at Slow Process Corner)
  Requirement:            10.000ns  (core_clock rise@10.000ns - core_clock rise@0.000ns)
  Data Path Delay:        8.603ns  (logic 2.581ns (30.001%)  route 6.022ns (69.999%))
  Logic Levels:           14  (CARRY4=3 LUT4=2 LUT5=4 LUT6=5)
  Clock Path Skew:        -0.039ns (DCD - SCD + CPR)
    Destination Clock Delay (DCD):    0.748ns = ( 10.748 - 10.000 ) 
    Source Clock Delay      (SCD):    0.787ns
    Clock Pessimism Removal (CPR):    0.000ns
  Clock Uncertainty:      0.035ns  ((TSJ^2 + TIJ^2)^1/2 + DJ) / 2 + PE
    Total System Jitter     (TSJ):    0.071ns
    Total Input Jitter      (TIJ):    0.000ns
    Discrete Jitter          (DJ):    0.000ns
    Phase Error              (PE):    0.000ns

    Location             Delay type                Incr(ns)  Path(ns)    Netlist Resource(s)
  -------------------------------------------------------------------    -------------------
                         (clock core_clock rise edge)
                                                      0.000     0.000 r  
                                                      0.000     0.000 r  clock (IN)
                         net (fo=1685, unset)         0.787     0.787    clock
                         FDRE                                         r  idEx_rs1_reg[2]/C
  -------------------------------------------------------------------    -------------------
                         FDRE (Prop_fdre_C_Q)         0.397     1.184 r  idEx_rs1_reg[2]/Q
                         net (fo=3, unplaced)         0.617     1.801    frontend/queue/ram_ext/D[2]
                         LUT4 (Prop_lut4_I1_O)        0.232     2.033 r  frontend/queue/ram_ext/io_imem_req_valid_INST_0_i_64/O
                         net (fo=1, unplaced)         0.807     2.840    frontend/queue/ram_ext/io_imem_req_valid_INST_0_i_64_n_0
                         LUT5 (Prop_lut5_I0_O)        0.105     2.945 f  frontend/queue/ram_ext/io_imem_req_valid_INST_0_i_24/O
                         net (fo=127, unplaced)       0.453     3.398    frontend/queue/ram_ext/exMem_rd_reg[2]
                         LUT6 (Prop_lut6_I5_O)        0.105     3.503 r  frontend/queue/ram_ext/io_imem_req_valid_INST_0_i_25/O
                         net (fo=31, unplaced)        0.652     4.155    frontend/queue/ram_ext/io_imem_req_valid_INST_0_i_25_n_0
                         LUT6 (Prop_lut6_I1_O)        0.105     4.260 r  frontend/queue/ram_ext/io_imem_req_valid_INST_0_i_11/O
                         net (fo=16, unplaced)        0.836     5.096    frontend/queue/ram_ext/memWb_writeData_reg[3]
                         LUT6 (Prop_lut6_I0_O)        0.105     5.201 r  frontend/queue/ram_ext/io_imem_req_valid_INST_0_i_121/O
                         net (fo=1, unplaced)         0.000     5.201    frontend/queue/ram_ext/io_imem_req_valid_INST_0_i_121_n_0
                         CARRY4 (Prop_carry4_S[1]_CO[3])
                                                      0.444     5.645 r  frontend/queue/ram_ext/io_imem_req_valid_INST_0_i_83/CO[3]
                         net (fo=1, unplaced)         0.008     5.653    frontend/queue/ram_ext/io_imem_req_valid_INST_0_i_83_n_0
                         CARRY4 (Prop_carry4_CI_CO[3])
                                                      0.100     5.753 r  frontend/queue/ram_ext/io_imem_req_valid_INST_0_i_42/CO[3]
                         net (fo=1, unplaced)         0.000     5.753    frontend/queue/ram_ext/io_imem_req_valid_INST_0_i_42_n_0
                         CARRY4 (Prop_carry4_CI_CO[2])
                                                      0.211     5.964 f  frontend/queue/ram_ext/io_imem_req_valid_INST_0_i_21/CO[2]
                         net (fo=1, unplaced)         0.349     6.313    frontend/queue/ram_ext/execute/data0
                         LUT5 (Prop_lut5_I4_O)        0.252     6.565 f  frontend/queue/ram_ext/io_imem_req_valid_INST_0_i_9/O
                         net (fo=1, unplaced)         0.328     6.893    frontend/queue/ram_ext/io_imem_req_valid_INST_0_i_9_n_0
                         LUT6 (Prop_lut6_I0_O)        0.105     6.998 r  frontend/queue/ram_ext/io_imem_req_valid_INST_0_i_6/O
                         net (fo=1, unplaced)         0.347     7.345    frontend/queue/ram_ext/io_imem_req_valid_INST_0_i_6_n_0
                         LUT4 (Prop_lut4_I3_O)        0.105     7.450 f  frontend/queue/ram_ext/io_imem_req_valid_INST_0_i_2/O
                         net (fo=2, unplaced)         0.358     7.808    frontend/queue/ram_ext/p_18_in
                         LUT5 (Prop_lut5_I1_O)        0.105     7.913 f  frontend/queue/ram_ext/io_imem_req_valid_INST_0_i_1/O
                         net (fo=51, unplaced)        0.430     8.343    redirectValid
                         LUT5 (Prop_lut5_I1_O)        0.105     8.448 f  haltedReg_i_2/O
                         net (fo=6, unplaced)         0.379     8.827    frontend/queue/_control_io_action[0]
                         LUT6 (Prop_lut6_I5_O)        0.105     8.932 r  frontend/queue/ifId_fetchError_i_1/O
                         net (fo=74, unplaced)        0.458     9.390    frontend_n_11
                         FDRE                                         r  ifId_inst_reg[15]_rep/CE
  -------------------------------------------------------------------    -------------------

                         (clock core_clock rise edge)
                                                     10.000    10.000 r  
                                                      0.000    10.000 r  clock (IN)
                         net (fo=1685, unset)         0.748    10.748    clock
                         FDRE                                         r  ifId_inst_reg[15]_rep/C
                         clock pessimism              0.000    10.748    
                         clock uncertainty           -0.035    10.712    
                         FDRE (Setup_fdre_C_CE)      -0.165    10.547    ifId_inst_reg[15]_rep
  -------------------------------------------------------------------
                         required time                         10.547    
                         arrival time                          -9.390    
  -------------------------------------------------------------------
                         slack                                  1.157    

Slack (MET) :             1.157ns  (required time - arrival time)
  Source:                 idEx_rs1_reg[2]/C
                            (rising edge-triggered cell FDRE clocked by core_clock  {rise@0.000ns fall@5.000ns period=10.000ns})
  Destination:            ifId_inst_reg[15]_rep__0/CE
                            (rising edge-triggered cell FDRE clocked by core_clock  {rise@0.000ns fall@5.000ns period=10.000ns})
  Path Group:             core_clock
  Path Type:              Setup (Max at Slow Process Corner)
  Requirement:            10.000ns  (core_clock rise@10.000ns - core_clock rise@0.000ns)
  Data Path Delay:        8.603ns  (logic 2.581ns (30.001%)  route 6.022ns (69.999%))
  Logic Levels:           14  (CARRY4=3 LUT4=2 LUT5=4 LUT6=5)
  Clock Path Skew:        -0.039ns (DCD - SCD + CPR)
    Destination Clock Delay (DCD):    0.748ns = ( 10.748 - 10.000 ) 
    Source Clock Delay      (SCD):    0.787ns
    Clock Pessimism Removal (CPR):    0.000ns
  Clock Uncertainty:      0.035ns  ((TSJ^2 + TIJ^2)^1/2 + DJ) / 2 + PE
    Total System Jitter     (TSJ):    0.071ns
    Total Input Jitter      (TIJ):    0.000ns
    Discrete Jitter          (DJ):    0.000ns
    Phase Error              (PE):    0.000ns

    Location             Delay type                Incr(ns)  Path(ns)    Netlist Resource(s)
  -------------------------------------------------------------------    -------------------
                         (clock core_clock rise edge)
                                                      0.000     0.000 r  
                                                      0.000     0.000 r  clock (IN)
                         net (fo=1685, unset)         0.787     0.787    clock
                         FDRE                                         r  idEx_rs1_reg[2]/C
  -------------------------------------------------------------------    -------------------
                         FDRE (Prop_fdre_C_Q)         0.397     1.184 r  idEx_rs1_reg[2]/Q
                         net (fo=3, unplaced)         0.617     1.801    frontend/queue/ram_ext/D[2]
                         LUT4 (Prop_lut4_I1_O)        0.232     2.033 r  frontend/queue/ram_ext/io_imem_req_valid_INST_0_i_64/O
                         net (fo=1, unplaced)         0.807     2.840    frontend/queue/ram_ext/io_imem_req_valid_INST_0_i_64_n_0
                         LUT5 (Prop_lut5_I0_O)        0.105     2.945 f  frontend/queue/ram_ext/io_imem_req_valid_INST_0_i_24/O
                         net (fo=127, unplaced)       0.453     3.398    frontend/queue/ram_ext/exMem_rd_reg[2]
                         LUT6 (Prop_lut6_I5_O)        0.105     3.503 r  frontend/queue/ram_ext/io_imem_req_valid_INST_0_i_25/O
                         net (fo=31, unplaced)        0.652     4.155    frontend/queue/ram_ext/io_imem_req_valid_INST_0_i_25_n_0
                         LUT6 (Prop_lut6_I1_O)        0.105     4.260 r  frontend/queue/ram_ext/io_imem_req_valid_INST_0_i_11/O
                         net (fo=16, unplaced)        0.836     5.096    frontend/queue/ram_ext/memWb_writeData_reg[3]
                         LUT6 (Prop_lut6_I0_O)        0.105     5.201 r  frontend/queue/ram_ext/io_imem_req_valid_INST_0_i_121/O
                         net (fo=1, unplaced)         0.000     5.201    frontend/queue/ram_ext/io_imem_req_valid_INST_0_i_121_n_0
                         CARRY4 (Prop_carry4_S[1]_CO[3])
                                                      0.444     5.645 r  frontend/queue/ram_ext/io_imem_req_valid_INST_0_i_83/CO[3]
                         net (fo=1, unplaced)         0.008     5.653    frontend/queue/ram_ext/io_imem_req_valid_INST_0_i_83_n_0
                         CARRY4 (Prop_carry4_CI_CO[3])
                                                      0.100     5.753 r  frontend/queue/ram_ext/io_imem_req_valid_INST_0_i_42/CO[3]
                         net (fo=1, unplaced)         0.000     5.753    frontend/queue/ram_ext/io_imem_req_valid_INST_0_i_42_n_0
                         CARRY4 (Prop_carry4_CI_CO[2])
                                                      0.211     5.964 f  frontend/queue/ram_ext/io_imem_req_valid_INST_0_i_21/CO[2]
                         net (fo=1, unplaced)         0.349     6.313    frontend/queue/ram_ext/execute/data0
                         LUT5 (Prop_lut5_I4_O)        0.252     6.565 f  frontend/queue/ram_ext/io_imem_req_valid_INST_0_i_9/O
                         net (fo=1, unplaced)         0.328     6.893    frontend/queue/ram_ext/io_imem_req_valid_INST_0_i_9_n_0
                         LUT6 (Prop_lut6_I0_O)        0.105     6.998 r  frontend/queue/ram_ext/io_imem_req_valid_INST_0_i_6/O
                         net (fo=1, unplaced)         0.347     7.345    frontend/queue/ram_ext/io_imem_req_valid_INST_0_i_6_n_0
                         LUT4 (Prop_lut4_I3_O)        0.105     7.450 f  frontend/queue/ram_ext/io_imem_req_valid_INST_0_i_2/O
                         net (fo=2, unplaced)         0.358     7.808    frontend/queue/ram_ext/p_18_in
                         LUT5 (Prop_lut5_I1_O)        0.105     7.913 f  frontend/queue/ram_ext/io_imem_req_valid_INST_0_i_1/O
                         net (fo=51, unplaced)        0.430     8.343    redirectValid
                         LUT5 (Prop_lut5_I1_O)        0.105     8.448 f  haltedReg_i_2/O
                         net (fo=6, unplaced)         0.379     8.827    frontend/queue/_control_io_action[0]
                         LUT6 (Prop_lut6_I5_O)        0.105     8.932 r  frontend/queue/ifId_fetchError_i_1/O
                         net (fo=74, unplaced)        0.458     9.390    frontend_n_11
                         FDRE                                         r  ifId_inst_reg[15]_rep__0/CE
  -------------------------------------------------------------------    -------------------

                         (clock core_clock rise edge)
                                                     10.000    10.000 r  
                                                      0.000    10.000 r  clock (IN)
                         net (fo=1685, unset)         0.748    10.748    clock
                         FDRE                                         r  ifId_inst_reg[15]_rep__0/C
                         clock pessimism              0.000    10.748    
                         clock uncertainty           -0.035    10.712    
                         FDRE (Setup_fdre_C_CE)      -0.165    10.547    ifId_inst_reg[15]_rep__0
  -------------------------------------------------------------------
                         required time                         10.547    
                         arrival time                          -9.390    
  -------------------------------------------------------------------
                         slack                                  1.157    




